[0;90m2026-09-10T00:50:16[0m [1;37mlava-dispatcher, installed at version: 2026.05.dev0091[0m
[0;90m2026-09-10T00:50:16[0m [1;37mstart: 0 validate[0m
[0;90m2026-09-10T00:50:16[0m [1;37mStart time: 2026-09-10 00:50:16.478997+00:00 (UTC)[0m
[0;90m2026-09-10T00:50:16[0m [0;37mValidating that file:///home/hao/.cache/tuxrun/assets/https___github.com_Linaro_test-definitions_releases_download_2026.06.02_2026.06.tar.zst exists[0m
[0;90m2026-09-10T00:50:16[0m [0;37mValidating that http://172.17.0.1:8998/Image exists[0m
[0;90m2026-09-10T00:50:16[0m [0;37mValidating that file:///home/hao/kernelci-riscv/runs/kvm-run/rootfs-kvm.ext4 exists[0m
[0;90m2026-09-10T00:50:16[0m [0;37mValidating that http://172.17.0.1:8998/kselftest.tar.xz exists[0m
[0;90m2026-09-10T00:50:16[0m [1;37mqemu, installed at version: 11.0.2, host architecture: x86_64[0m
[0;90m2026-09-10T00:50:16[0m [1;33mMissing image arg for url_repo[0m
[0;90m2026-09-10T00:50:16[0m [1;33mMissing image arg for rootfs.kselftest[0m
[0;90m2026-09-10T00:50:16[0m [1;37mvalidate duration: 0.19[0m
[0;90m2026-09-10T00:50:16[0m [1;34m{'definition': 'lava', 'case': 'validate', 'result': 'pass'}[0m
[0;90m2026-09-10T00:50:16[0m [1;37mstart: 1 deployimages (timeout 00:15:00) [common][0m
[0;90m2026-09-10T00:50:16[0m [0;37mstart: 1.1 lava-overlay (timeout 00:15:00) [common][0m
[0;90m2026-09-10T00:50:16[0m [0;37m[common] Preparing overlay tarball in /var/lib/lava/dispatcher/tmp/tuxrun-g32l6ubg-1/lava-overlay-b3czlv6o[0m
[0;90m2026-09-10T00:50:16[0m [0;37mmakedir: /var/lib/lava/dispatcher/tmp/tuxrun-g32l6ubg-1/lava-overlay-b3czlv6o/lava-1/bin[0m
[0;90m2026-09-10T00:50:16[0m [0;37mmakedir: /var/lib/lava/dispatcher/tmp/tuxrun-g32l6ubg-1/lava-overlay-b3czlv6o/lava-1/tests[0m
[0;90m2026-09-10T00:50:16[0m [0;37mmakedir: /var/lib/lava/dispatcher/tmp/tuxrun-g32l6ubg-1/lava-overlay-b3czlv6o/lava-1/results[0m
[0;90m2026-09-10T00:50:16[0m [0;37mCreating /var/lib/lava/dispatcher/tmp/tuxrun-g32l6ubg-1/lava-overlay-b3czlv6o/lava-1/bin/lava-add-keys[0m
[0;90m2026-09-10T00:50:16[0m [0;37mCreating /var/lib/lava/dispatcher/tmp/tuxrun-g32l6ubg-1/lava-overlay-b3czlv6o/lava-1/bin/lava-add-sources[0m
[0;90m2026-09-10T00:50:16[0m [0;37mCreating /var/lib/lava/dispatcher/tmp/tuxrun-g32l6ubg-1/lava-overlay-b3czlv6o/lava-1/bin/lava-background-process-start[0m
[0;90m2026-09-10T00:50:16[0m [0;37mCreating /var/lib/lava/dispatcher/tmp/tuxrun-g32l6ubg-1/lava-overlay-b3czlv6o/lava-1/bin/lava-background-process-stop[0m
[0;90m2026-09-10T00:50:16[0m [0;37mCreating /var/lib/lava/dispatcher/tmp/tuxrun-g32l6ubg-1/lava-overlay-b3czlv6o/lava-1/bin/lava-common-functions[0m
[0;90m2026-09-10T00:50:16[0m [0;37mCreating /var/lib/lava/dispatcher/tmp/tuxrun-g32l6ubg-1/lava-overlay-b3czlv6o/lava-1/bin/lava-echo-ipv4[0m
[0;90m2026-09-10T00:50:16[0m [0;37mCreating /var/lib/lava/dispatcher/tmp/tuxrun-g32l6ubg-1/lava-overlay-b3czlv6o/lava-1/bin/lava-install-packages[0m
[0;90m2026-09-10T00:50:16[0m [0;37mCreating /var/lib/lava/dispatcher/tmp/tuxrun-g32l6ubg-1/lava-overlay-b3czlv6o/lava-1/bin/lava-installed-packages[0m
[0;90m2026-09-10T00:50:16[0m [0;37mCreating /var/lib/lava/dispatcher/tmp/tuxrun-g32l6ubg-1/lava-overlay-b3czlv6o/lava-1/bin/lava-os-build[0m
[0;90m2026-09-10T00:50:16[0m [0;37mCreating /var/lib/lava/dispatcher/tmp/tuxrun-g32l6ubg-1/lava-overlay-b3czlv6o/lava-1/bin/lava-probe-channel[0m
[0;90m2026-09-10T00:50:16[0m [0;37mCreating /var/lib/lava/dispatcher/tmp/tuxrun-g32l6ubg-1/lava-overlay-b3czlv6o/lava-1/bin/lava-probe-ip[0m
[0;90m2026-09-10T00:50:16[0m [0;37mCreating /var/lib/lava/dispatcher/tmp/tuxrun-g32l6ubg-1/lava-overlay-b3czlv6o/lava-1/bin/lava-target-ip[0m
[0;90m2026-09-10T00:50:16[0m [0;37mCreating /var/lib/lava/dispatcher/tmp/tuxrun-g32l6ubg-1/lava-overlay-b3czlv6o/lava-1/bin/lava-target-mac[0m
[0;90m2026-09-10T00:50:16[0m [0;37mCreating /var/lib/lava/dispatcher/tmp/tuxrun-g32l6ubg-1/lava-overlay-b3czlv6o/lava-1/bin/lava-target-storage[0m
[0;90m2026-09-10T00:50:16[0m [0;37mCreating /var/lib/lava/dispatcher/tmp/tuxrun-g32l6ubg-1/lava-overlay-b3czlv6o/lava-1/bin/lava-test-case[0m
[0;90m2026-09-10T00:50:16[0m [0;37mCreating /var/lib/lava/dispatcher/tmp/tuxrun-g32l6ubg-1/lava-overlay-b3czlv6o/lava-1/bin/lava-test-event[0m
[0;90m2026-09-10T00:50:16[0m [0;37mCreating /var/lib/lava/dispatcher/tmp/tuxrun-g32l6ubg-1/lava-overlay-b3czlv6o/lava-1/bin/lava-test-feedback[0m
[0;90m2026-09-10T00:50:16[0m [0;37mCreating /var/lib/lava/dispatcher/tmp/tuxrun-g32l6ubg-1/lava-overlay-b3czlv6o/lava-1/bin/lava-test-raise[0m
[0;90m2026-09-10T00:50:16[0m [0;37mCreating /var/lib/lava/dispatcher/tmp/tuxrun-g32l6ubg-1/lava-overlay-b3czlv6o/lava-1/bin/lava-test-reference[0m
[0;90m2026-09-10T00:50:16[0m [0;37mCreating /var/lib/lava/dispatcher/tmp/tuxrun-g32l6ubg-1/lava-overlay-b3czlv6o/lava-1/bin/lava-test-runner[0m
[0;90m2026-09-10T00:50:16[0m [0;37mCreating /var/lib/lava/dispatcher/tmp/tuxrun-g32l6ubg-1/lava-overlay-b3czlv6o/lava-1/bin/lava-test-set[0m
[0;90m2026-09-10T00:50:16[0m [0;37mCreating /var/lib/lava/dispatcher/tmp/tuxrun-g32l6ubg-1/lava-overlay-b3czlv6o/lava-1/bin/lava-test-shell[0m
[0;90m2026-09-10T00:50:16[0m [0;37mUpdating /var/lib/lava/dispatcher/tmp/tuxrun-g32l6ubg-1/lava-overlay-b3czlv6o/lava-1/bin/lava-install-packages (oe)[0m
[0;90m2026-09-10T00:50:16[0m [0;37mUpdating /var/lib/lava/dispatcher/tmp/tuxrun-g32l6ubg-1/lava-overlay-b3czlv6o/lava-1/bin/lava-installed-packages (oe)[0m
[0;90m2026-09-10T00:50:16[0m [0;37mCreating /var/lib/lava/dispatcher/tmp/tuxrun-g32l6ubg-1/lava-overlay-b3czlv6o/lava-1/environment[0m
[0;90m2026-09-10T00:50:16[0m [0;37mLAVA metadata[0m
[0;90m2026-09-10T00:50:16[0m [0;37m- LAVA_JOB_ID=1[0m
[0;90m2026-09-10T00:50:16[0m [0;37m- LAVA_DISPATCHER_IP=172.17.0.2[0m
[0;90m2026-09-10T00:50:16[0m [0;37m- LAVA_DISPATCHER_PREFIX=tuxrun-g32l6ubg-[0m
[0;90m2026-09-10T00:50:16[0m [0;37mstart: 1.1.1 lava-multinode-overlay (timeout 00:15:00) [common][0m
[0;90m2026-09-10T00:50:16[0m [0;37mskipped lava-multinode-overlay[0m
[0;90m2026-09-10T00:50:16[0m [0;37mend: 1.1.1 lava-multinode-overlay (duration 00:00:00) [common][0m
[0;90m2026-09-10T00:50:16[0m [0;37mstart: 1.1.2 test-definition (timeout 00:15:00) [common][0m
[0;90m2026-09-10T00:50:16[0m [1;37mLoading test definitions[0m
[0;90m2026-09-10T00:50:16[0m [0;37mstart: 1.1.2.1 url-repo-action (timeout 00:15:00) [common][0m
[0;90m2026-09-10T00:50:16[0m [0;37mstart: 1.1.2.1.1 download-retry (timeout 00:15:00) [common][0m
[0;90m2026-09-10T00:50:16[0m [0;37mstart: 1.1.2.1.1.1 file-download (timeout 00:15:00) [common][0m
[0;90m2026-09-10T00:50:16[0m [1;37mdownloading file:///home/hao/.cache/tuxrun/assets/https___github.com_Linaro_test-definitions_releases_download_2026.06.02_2026.06.tar.zst[0m
[0;90m2026-09-10T00:50:16[0m [0;37msaving as /var/lib/lava/dispatcher/tmp/tuxrun-g32l6ubg-1/url-repo-action-gmw_skyo/url_repo/https___github.com_Linaro_test-definitions_releases_download_2026.06.02_2026.06.tar[0m
[0;90m2026-09-10T00:50:16[0m [0;37mtotal size: 25126159 (23 MB)[0m
[0;90m2026-09-10T00:50:16[0m [1;37mUsing unzstd to decompress zstd[0m
[0;90m2026-09-10T00:50:16[0m [1;37m23 MB downloaded in 0.10 s (241.52 MB/s)[0m
[0;90m2026-09-10T00:50:16[0m [0;37mend: 1.1.2.1.1.1 file-download (duration 00:00:00) [common][0m
[0;90m2026-09-10T00:50:16[0m [1;34m{'definition': 'lava', 'namespace': 'common', 'case': 'file-download', 'level': '1.1.2.1.1.1', 'duration': '0.10', 'result': 'pass', 'extra': {'label': 'url_repo', 'size': 25126159, 'sha256sum': 'c36c45f3ceb979552533a48eecb26bda10eac3ea74e0b4a9b9b9c25a5fb8a462'}}[0m
[0;90m2026-09-10T00:50:16[0m [0;37mend: 1.1.2.1.1 download-retry (duration 00:00:00) [common][0m
[0;90m2026-09-10T00:50:16[0m [0;37mUsing /lava-1 at stage 0[0m
[0;90m2026-09-10T00:50:16[0m [0;37mRunner path : /var/lib/lava/dispatcher/tmp/tuxrun-g32l6ubg-1/lava-overlay-b3czlv6o/lava-1/0/tests/0_kselftest-riscv[0m
[0;90m2026-09-10T00:50:16[0m [1;37mUntar tests from file /var/lib/lava/dispatcher/tmp/tuxrun-g32l6ubg-1/url-repo-action-gmw_skyo/url_repo/https___github.com_Linaro_test-definitions_releases_download_2026.06.02_2026.06.tar to directory /var/lib/lava/dispatcher/tmp/tuxrun-g32l6ubg-1/lava-overlay-b3czlv6o/lava-1/0/tests/0_kselftest-riscv, stripping 0 components[0m
[0;90m2026-09-10T00:50:16[0m [0;37mTests stored (tmp) in /var/lib/lava/dispatcher/tmp/tuxrun-g32l6ubg-1/lava-overlay-b3czlv6o/lava-1/0/tests/0_kselftest-riscv/automated/linux/kselftest/kselftest.yaml[0m
[0;90m2026-09-10T00:50:16[0m [0;37muuid=1_1.1.2.1 testdef=None[0m
[0;90m2026-09-10T00:50:16[0m [0;37mend: 1.1.2.1 url-repo-action (duration 00:00:00) [common][0m
[0;90m2026-09-10T00:50:16[0m [0;37mstart: 1.1.2.2 test-overlay (timeout 00:15:00) [common][0m
[0;90m2026-09-10T00:50:16[0m [0;37mend: 1.1.2.2 test-overlay (duration 00:00:00) [common][0m
[0;90m2026-09-10T00:50:16[0m [1;34m{'definition': 'lava', 'namespace': 'common', 'case': 'test-overlay', 'level': '1.1.2.2', 'duration': '0.00', 'result': 'pass', 'extra': {'uuid': '1_1.1.2.1', 'name': 'kselftest-riscv', 'path': 'automated/linux/kselftest/kselftest.yaml', 'from': 'url', 'repository': 'file:///home/hao/.cache/tuxrun/assets/https___github.com_Linaro_test-definitions_releases_download_2026.06.02_2026.06.tar.zst'}}[0m
[0;90m2026-09-10T00:50:16[0m [0;37mstart: 1.1.2.3 test-install-overlay (timeout 00:15:00) [common][0m
[0;90m2026-09-10T00:50:16[0m [0;37mend: 1.1.2.3 test-install-overlay (duration 00:00:00) [common][0m
[0;90m2026-09-10T00:50:16[0m [1;34m{'definition': 'lava', 'namespace': 'common', 'case': 'test-install-overlay', 'level': '1.1.2.3', 'duration': '0.00', 'result': 'pass', 'extra': {'uuid': '1_1.1.2.1', 'name': 'kselftest-riscv', 'path': 'automated/linux/kselftest/kselftest.yaml', 'from': 'url', 'repository': 'file:///home/hao/.cache/tuxrun/assets/https___github.com_Linaro_test-definitions_releases_download_2026.06.02_2026.06.tar.zst', 'skipped test-install-overlay': '1_1.1.2.1'}}[0m
[0;90m2026-09-10T00:50:16[0m [0;37mstart: 1.1.2.4 test-runscript-overlay (timeout 00:15:00) [common][0m
[0;90m2026-09-10T00:50:16[0m [0;37mrunner path: /var/lib/lava/dispatcher/tmp/tuxrun-g32l6ubg-1/lava-overlay-b3czlv6o/lava-1/0/tests/0_kselftest-riscv test_uuid 1_1.1.2.1[0m
[0;90m2026-09-10T00:50:16[0m [0;37mSKIP_INSTALL='true'[0m
[0;90m2026-09-10T00:50:16[0m [0;37mTST_CMDFILES='riscv'[0m
[0;90m2026-09-10T00:50:16[0m [0;37mKSELFTEST_PATH='/opt/kselftests/default-in-kernel'[0m
[0;90m2026-09-10T00:50:16[0m [0;37mSKIPFILE='skipfile-lkft.yaml'[0m
[0;90m2026-09-10T00:50:16[0m [0;37mENVIRONMENT='production'[0m
[0;90m2026-09-10T00:50:16[0m [0;37mSHARD_NUMBER='1'[0m
[0;90m2026-09-10T00:50:16[0m [0;37mSHARD_INDEX='1'[0m
[0;90m2026-09-10T00:50:16[0m [0;37mend: 1.1.2.4 test-runscript-overlay (duration 00:00:00) [common][0m
[0;90m2026-09-10T00:50:16[0m [1;34m{'definition': 'lava', 'namespace': 'common', 'case': 'test-runscript-overlay', 'level': '1.1.2.4', 'duration': '0.00', 'result': 'pass', 'extra': {'uuid': '1_1.1.2.1', 'name': 'kselftest-riscv', 'path': 'automated/linux/kselftest/kselftest.yaml', 'from': 'url', 'repository': 'file:///home/hao/.cache/tuxrun/assets/https___github.com_Linaro_test-definitions_releases_download_2026.06.02_2026.06.tar.zst', 'filename': '/var/lib/lava/dispatcher/tmp/tuxrun-g32l6ubg-1/lava-overlay-b3czlv6o/lava-1/0/tests/0_kselftest-riscv/run.sh'}}[0m
[0;90m2026-09-10T00:50:16[0m [1;37mCreating lava-test-runner.conf files[0m
[0;90m2026-09-10T00:50:16[0m [0;37mUsing lava-test-runner path: /var/lib/lava/dispatcher/tmp/tuxrun-g32l6ubg-1/lava-overlay-b3czlv6o/lava-1/0 for stage 0[0m
[0;90m2026-09-10T00:50:16[0m [0;37m- 0_kselftest-riscv[0m
[0;90m2026-09-10T00:50:16[0m [0;37mend: 1.1.2 test-definition (duration 00:00:00) [common][0m
[0;90m2026-09-10T00:50:16[0m [0;37mstart: 1.1.3 compress-overlay (timeout 00:15:00) [common][0m
[0;90m2026-09-10T00:50:23[0m [0;37mend: 1.1.3 compress-overlay (duration 00:00:06) [common][0m
[0;90m2026-09-10T00:50:23[0m [0;37mend: 1.1 lava-overlay (duration 00:00:06) [common][0m
[0;90m2026-09-10T00:50:23[0m [0;37mstart: 1.2 deploy-device-env (timeout 00:14:54) [common][0m
[0;90m2026-09-10T00:50:23[0m [0;37mend: 1.2 deploy-device-env (duration 00:00:00) [common][0m
[0;90m2026-09-10T00:50:23[0m [0;37mstart: 1.3 download-retry (timeout 00:14:54) [common][0m
[0;90m2026-09-10T00:50:23[0m [0;37mstart: 1.3.1 http-download (timeout 00:14:54) [common][0m
[0;90m2026-09-10T00:50:23[0m [1;37mdownloading http://172.17.0.1:8998/Image[0m
[0;90m2026-09-10T00:50:23[0m [0;37msaving as /var/lib/lava/dispatcher/tmp/tuxrun-g32l6ubg-1/deployimages-7ouwq2rb/kernel/Image[0m
[0;90m2026-09-10T00:50:23[0m [0;37mtotal size: 22034432 (21 MB)[0m
[0;90m2026-09-10T00:50:23[0m [0;37mNo compression specified[0m
[0;90m2026-09-10T00:50:23[0m [1;37m21 MB downloaded in 0.04 s (499.88 MB/s)[0m
[0;90m2026-09-10T00:50:23[0m [0;37mend: 1.3.1 http-download (duration 00:00:00) [common][0m
[0;90m2026-09-10T00:50:23[0m [1;34m{'definition': 'lava', 'namespace': 'common', 'case': 'http-download', 'level': '1.3.1', 'duration': '0.04', 'result': 'pass', 'extra': {'label': 'kernel', 'size': 22034432, 'sha256sum': 'e77d859e40833cbb323feee9cdc13470514b8a67d4c0cf28febb5d604509fe73'}}[0m
[0;90m2026-09-10T00:50:23[0m [0;37mend: 1.3 download-retry (duration 00:00:00) [common][0m
[0;90m2026-09-10T00:50:23[0m [0;37mstart: 1.4 download-retry (timeout 00:14:53) [common][0m
[0;90m2026-09-10T00:50:23[0m [0;37mstart: 1.4.1 file-download (timeout 00:14:53) [common][0m
[0;90m2026-09-10T00:50:23[0m [1;37mdownloading file:///home/hao/kernelci-riscv/runs/kvm-run/rootfs-kvm.ext4[0m
[0;90m2026-09-10T00:50:23[0m [0;37msaving as /var/lib/lava/dispatcher/tmp/tuxrun-g32l6ubg-1/deployimages-7ouwq2rb/rootfs/rootfs-kvm.ext4[0m
[0;90m2026-09-10T00:50:23[0m [0;37mtotal size: 4294967296 (4096 MB)[0m
[0;90m2026-09-10T00:50:23[0m [0;37mNo compression specified[0m
[0;90m2026-09-10T00:50:23[0m [0;37mprogress   1 % (47 MB)[0m
[0;90m2026-09-10T00:50:23[0m [0;37mprogress   6 % (245 MB)[0m
[0;90m2026-09-10T00:50:23[0m [0;37mprogress  11 % (450 MB)[0m
[0;90m2026-09-10T00:50:24[0m [0;37mprogress  16 % (655 MB)[0m
[0;90m2026-09-10T00:50:24[0m [0;37mprogress  21 % (860 MB)[0m
[0;90m2026-09-10T00:50:25[0m [0;37mprogress  26 % (1064 MB)[0m
[0;90m2026-09-10T00:50:25[0m [0;37mprogress  31 % (1269 MB)[0m
[0;90m2026-09-10T00:50:25[0m [0;37mprogress  36 % (1474 MB)[0m
[0;90m2026-09-10T00:50:25[0m [0;37mprogress  41 % (1679 MB)[0m
[0;90m2026-09-10T00:50:26[0m [0;37mprogress  46 % (1884 MB)[0m
[0;90m2026-09-10T00:50:26[0m [0;37mprogress  51 % (2088 MB)[0m
[0;90m2026-09-10T00:50:26[0m [0;37mprogress  56 % (2293 MB)[0m
[0;90m2026-09-10T00:50:26[0m [0;37mprogress  61 % (2498 MB)[0m
[0;90m2026-09-10T00:50:27[0m [0;37mprogress  66 % (2703 MB)[0m
[0;90m2026-09-10T00:50:27[0m [0;37mprogress  71 % (2908 MB)[0m
[0;90m2026-09-10T00:50:27[0m [0;37mprogress  76 % (3112 MB)[0m
[0;90m2026-09-10T00:50:27[0m [0;37mprogress  81 % (3317 MB)[0m
[0;90m2026-09-10T00:50:28[0m [0;37mprogress  86 % (3522 MB)[0m
[0;90m2026-09-10T00:50:28[0m [0;37mprogress  91 % (3727 MB)[0m
[0;90m2026-09-10T00:50:28[0m [0;37mprogress  96 % (3932 MB)[0m
[0;90m2026-09-10T00:50:29[0m [1;37m4096 MB downloaded in 5.93 s (690.28 MB/s)[0m
[0;90m2026-09-10T00:50:29[0m [0;37mend: 1.4.1 file-download (duration 00:00:06) [common][0m
[0;90m2026-09-10T00:50:29[0m [1;34m{'definition': 'lava', 'namespace': 'common', 'case': 'file-download', 'level': '1.4.1', 'duration': '5.94', 'result': 'pass', 'extra': {'label': 'rootfs', 'size': 4294967296, 'sha256sum': 'de6b1c5ab3dd81decd6434577634105f3e9363df992bbb864083614eb4a430b1'}}[0m
[0;90m2026-09-10T00:50:29[0m [0;37mstart: 1.4.2 download-retry (timeout 00:14:48) [common][0m
[0;90m2026-09-10T00:50:29[0m [0;37mstart: 1.4.2.1 http-download (timeout 00:14:48) [common][0m
[0;90m2026-09-10T00:50:29[0m [1;37mdownloading http://172.17.0.1:8998/kselftest.tar.xz[0m
[0;90m2026-09-10T00:50:29[0m [0;37msaving as /var/lib/lava/dispatcher/tmp/tuxrun-g32l6ubg-1/deployimages-7ouwq2rb/rootfs.kselftest/kselftest.tar[0m
[0;90m2026-09-10T00:50:29[0m [0;37mtotal size: 5221520 (4 MB)[0m
[0;90m2026-09-10T00:50:29[0m [1;37mUsing unxz to decompress xz[0m
[0;90m2026-09-10T00:50:29[0m [1;37m4 MB downloaded in 0.16 s (31.10 MB/s)[0m
[0;90m2026-09-10T00:50:29[0m [0;37mend: 1.4.2.1 http-download (duration 00:00:00) [common][0m
[0;90m2026-09-10T00:50:29[0m [1;34m{'definition': 'lava', 'namespace': 'common', 'case': 'http-download', 'level': '1.4.2.1', 'duration': '0.17', 'result': 'pass', 'extra': {'label': 'rootfs.kselftest', 'size': 5221520, 'sha256sum': '233d2c7e02f496e6d8c3f334ea5bd28f9c131fd6a6d95a3848a9d1c9fa5ef237'}}[0m
[0;90m2026-09-10T00:50:29[0m [0;37mend: 1.4.2 download-retry (duration 00:00:00) [common][0m
[0;90m2026-09-10T00:50:29[0m [0;37mstart: 1.4.3 append-overlays (timeout 00:14:47) [common][0m
[0;90m2026-09-10T00:50:29[0m [1;37mUsing e2fsprogs backend for overlay injection[0m
[0;90m2026-09-10T00:50:29[0m [1;37mModifying '/var/lib/lava/dispatcher/tmp/tuxrun-g32l6ubg-1/deployimages-7ouwq2rb/rootfs/rootfs-kvm.ext4'[0m
[0;90m2026-09-10T00:50:29[0m [0;37mOverlays:[0m
[0;90m2026-09-10T00:50:29[0m [0;37m- rootfs.lava: '/var/lib/lava/dispatcher/tmp/tuxrun-g32l6ubg-1/compress-overlay-cdkm7ed8/overlay-1.1.3.tar.gz' to '/'[0m
[0;90m2026-09-10T00:50:29[0m [0;37mInjecting /var/lib/lava/dispatcher/tmp/tuxrun-g32l6ubg-1/compress-overlay-cdkm7ed8/overlay-1.1.3.tar into /var/lib/lava/dispatcher/tmp/tuxrun-g32l6ubg-1/deployimages-7ouwq2rb/rootfs/rootfs-kvm.ext4 at /[0m
[0;90m2026-09-10T00:50:37[0m [0;37mRunning 5466 debugfs commands on /var/lib/lava/dispatcher/tmp/tuxrun-g32l6ubg-1/deployimages-7ouwq2rb/rootfs/rootfs-kvm.ext4 in batches of 256 (need 54 MiB, have 3301 MiB free)[0m
[0;90m2026-09-10T00:50:37[0m [0;37m- rootfs.kselftest: '/var/lib/lava/dispatcher/tmp/tuxrun-g32l6ubg-1/deployimages-7ouwq2rb/rootfs.kselftest/kselftest.tar' to '/opt/kselftests/default-in-kernel/'[0m
[0;90m2026-09-10T00:50:37[0m [0;37mInjecting /var/lib/lava/dispatcher/tmp/tuxrun-g32l6ubg-1/deployimages-7ouwq2rb/rootfs.kselftest/kselftest.tar into /var/lib/lava/dispatcher/tmp/tuxrun-g32l6ubg-1/deployimages-7ouwq2rb/rootfs/rootfs-kvm.ext4 at /opt/kselftests/default-in-kernel/[0m
[0;90m2026-09-10T00:50:44[0m [0;37mRunning 5521 debugfs commands on /var/lib/lava/dispatcher/tmp/tuxrun-g32l6ubg-1/deployimages-7ouwq2rb/rootfs/rootfs-kvm.ext4 in batches of 256 (need 64 MiB, have 3245 MiB free)[0m
[0;90m2026-09-10T00:50:45[0m [0;37mend: 1.4.3 append-overlays (duration 00:00:18) [common][0m
[0;90m2026-09-10T00:50:45[0m [0;37mend: 1.4 download-retry (duration 00:00:24) [common][0m
[0;90m2026-09-10T00:50:45[0m [0;37mstart: 1.5 apply-overlay-guest (timeout 00:14:30) [common][0m
[0;90m2026-09-10T00:50:45[0m [0;37mOverlay already applied[0m
[0;90m2026-09-10T00:50:45[0m [0;37mend: 1.5 apply-overlay-guest (duration 00:00:00) [common][0m
[0;90m2026-09-10T00:50:45[0m [1;37mend: 1 deployimages (duration 00:00:30) [common][0m
[0;90m2026-09-10T00:50:45[0m [1;37mstart: 2 boot-image-retry (timeout 00:15:00) [common][0m
[0;90m2026-09-10T00:50:45[0m [0;37mstart: 2.1 boot-qemu-image (timeout 00:15:00) [common][0m
[0;90m2026-09-10T00:50:45[0m [0;37mstart: 2.1.1 execute-qemu (timeout 00:15:00) [common][0m
[0;90m2026-09-10T00:50:45[0m [1;37mBoot command: /usr/bin/qemu-system-riscv64 -cpu rv64,v=true,ssnpm=true -machine virt -nographic -nic none -m 4G -monitor none -no-reboot -smp 2 -kernel /var/lib/lava/dispatcher/tmp/tuxrun-g32l6ubg-1/deployimages-7ouwq2rb/kernel/Image -append "console=ttyS0,115200 rootwait root=/dev/vda debug verbose console_msg_format=syslog systemd.log_level=warning rw earlycon" -drive file=/var/lib/lava/dispatcher/tmp/tuxrun-g32l6ubg-1/deployimages-7ouwq2rb/rootfs/rootfs-kvm.ext4,format=raw,id=hd0,if=virtio[0m
[0;90m2026-09-10T00:50:45[0m [0;37mstarted a shell command[0m
[0;90m2026-09-10T00:50:45[0m [0;37mend: 2.1.1 execute-qemu (duration 00:00:00) [common][0m
[0;90m2026-09-10T00:50:45[0m [1;34m{'definition': 'lava', 'namespace': 'common', 'case': 'execute-qemu', 'level': '2.1.1', 'duration': '0.06', 'result': 'pass', 'extra': {'qemu_version': '11.0.2', 'host_arch': 'x86_64', 'job_arch': 'riscv64'}}[0m
[0;90m2026-09-10T00:50:45[0m [0;37mend: 2.1 boot-qemu-image (duration 00:00:00) [common][0m
[0;90m2026-09-10T00:50:45[0m [0;37mstart: 2.2 auto-login-action (timeout 00:15:00) [common][0m
[0;90m2026-09-10T00:50:45[0m [0;37mSetting prompt string to ['Linux version [0-9]'][0m
[0;90m2026-09-10T00:50:45[0m [0;37mauto-login-action: Wait for prompt ['Linux version [0-9]'] (timeout 00:15:00)[0m
[0;90m2026-09-10T00:50:45[0m [32m[0m
[0;90m2026-09-10T00:50:45[0m [32mOpenSBI v1.8[0m
[0;90m2026-09-10T00:50:45[0m [32m   ____                    _____ ____ _____[0m
[0;90m2026-09-10T00:50:45[0m [32m  / __ \                  / ____|  _ \_   _|[0m
[0;90m2026-09-10T00:50:45[0m [32m | |  | |_ __   ___ _ __ | (___ | |_) || |[0m
[0;90m2026-09-10T00:50:45[0m [32m | |  | | '_ \ / _ \ '_ \ \___ \|  _ < | |[0m
[0;90m2026-09-10T00:50:45[0m [32m | |__| | |_) |  __/ | | |____) | |_) || |_[0m
[0;90m2026-09-10T00:50:45[0m [32m  \____/| .__/ \___|_| |_|_____/|____/_____|[0m
[0;90m2026-09-10T00:50:45[0m [32m        | |[0m
[0;90m2026-09-10T00:50:45[0m [32m        |_|[0m
[0;90m2026-09-10T00:50:45[0m [32m[0m
[0;90m2026-09-10T00:50:45[0m [32mPlatform Name               : riscv-virtio,qemu[0m
[0;90m2026-09-10T00:50:45[0m [32mPlatform Features           : medeleg[0m
[0;90m2026-09-10T00:50:45[0m [32mPlatform HART Count         : 2[0m
[0;90m2026-09-10T00:50:45[0m [32mPlatform HART Protection    : pmp[0m
[0;90m2026-09-10T00:50:45[0m [32mPlatform IPI Device         : aclint-mswi[0m
[0;90m2026-09-10T00:50:45[0m [32mPlatform Timer Device       : aclint-mtimer @ 10000000Hz[0m
[0;90m2026-09-10T00:50:45[0m [32mPlatform Console Device     : uart8250[0m
[0;90m2026-09-10T00:50:45[0m [32mPlatform HSM Device         : ---[0m
[0;90m2026-09-10T00:50:45[0m [32mPlatform PMU Device         : ---[0m
[0;90m2026-09-10T00:50:45[0m [32mPlatform Reboot Device      : syscon-reboot[0m
[0;90m2026-09-10T00:50:45[0m [32mPlatform Shutdown Device    : syscon-poweroff[0m
[0;90m2026-09-10T00:50:45[0m [32mPlatform Suspend Device     : ---[0m
[0;90m2026-09-10T00:50:45[0m [32mPlatform CPPC Device        : ---[0m
[0;90m2026-09-10T00:50:45[0m [32mFirmware Base               : 0x80000000[0m
[0;90m2026-09-10T00:50:45[0m [32mFirmware Size               : 333 KB[0m
[0;90m2026-09-10T00:50:45[0m [32mFirmware RW Offset          : 0x40000[0m
[0;90m2026-09-10T00:50:45[0m [32mFirmware RW Size            : 77 KB[0m
[0;90m2026-09-10T00:50:45[0m [32mFirmware Heap Offset        : 0x49000[0m
[0;90m2026-09-10T00:50:45[0m [32mFirmware Heap Size          : 41 KB (total), 0 KB (reserved), 12 KB (used), 27 KB (free)[0m
[0;90m2026-09-10T00:50:45[0m [32mFirmware Scratch Size       : 4096 B (total), 1464 B (used), 2632 B (free)[0m
[0;90m2026-09-10T00:50:45[0m [32mRuntime SBI Version         : 3.0[0m
[0;90m2026-09-10T00:50:45[0m [32mStandard SBI Extensions     : ipi,pmu,srst,sse,hsm,rfnc,fwft,time,base,legacy,dbcn,dbtr[0m
[0;90m2026-09-10T00:50:45[0m [32mExperimental SBI Extensions : none[0m
[0;90m2026-09-10T00:50:45[0m [32m[0m
[0;90m2026-09-10T00:50:45[0m [32mDomain0 Name                : root[0m
[0;90m2026-09-10T00:50:45[0m [32mDomain0 Boot HART           : 0[0m
[0;90m2026-09-10T00:50:45[0m [32mDomain0 HARTs               : 0*,1*[0m
[0;90m2026-09-10T00:50:45[0m [32mDomain0 Region00            : 0x0000000080040000-0x000000008005ffff M: (F,R,W) S/U: ()[0m
[0;90m2026-09-10T00:50:45[0m [32mDomain0 Region01            : 0x0000000080000000-0x000000008003ffff M: (F,R,X) S/U: ()[0m
[0;90m2026-09-10T00:50:45[0m [32mDomain0 Region02            : 0x0000000000100000-0x0000000000100fff M: (I,R,W) S/U: (R,W)[0m
[0;90m2026-09-10T00:50:45[0m [32mDomain0 Region03            : 0x0000000010000000-0x0000000010000fff M: (I,R,W) S/U: (R,W)[0m
[0;90m2026-09-10T00:50:45[0m [32mDomain0 Region04            : 0x0000000002000000-0x000000000200ffff M: (I,R,W) S/U: ()[0m
[0;90m2026-09-10T00:50:45[0m [32mDomain0 Region05            : 0x000000000c400000-0x000000000c5fffff M: (I,R,W) S/U: (R,W)[0m
[0;90m2026-09-10T00:50:45[0m [32mDomain0 Region06            : 0x000000000c000000-0x000000000c3fffff M: (I,R,W) S/U: (R,W)[0m
[0;90m2026-09-10T00:50:45[0m [32mDomain0 Region07            : 0x0000000000000000-0xffffffffffffffff M: () S/U: (R,W,X)[0m
[0;90m2026-09-10T00:50:45[0m [32mDomain0 Next Address        : 0x0000000080200000[0m
[0;90m2026-09-10T00:50:45[0m [32mDomain0 Next Arg1           : 0x000000017fe00000[0m
[0;90m2026-09-10T00:50:45[0m [32mDomain0 Next Mode           : S-mode[0m
[0;90m2026-09-10T00:50:45[0m [32mDomain0 SysReset            : yes[0m
[0;90m2026-09-10T00:50:45[0m [32mDomain0 SysSuspend          : yes[0m
[0;90m2026-09-10T00:50:45[0m [32m[0m
[0;90m2026-09-10T00:50:45[0m [32mBoot HART ID                : 0[0m
[0;90m2026-09-10T00:50:45[0m [32mBoot HART Domain            : root[0m
[0;90m2026-09-10T00:50:45[0m [32mBoot HART Priv Version      : v1.12[0m
[0;90m2026-09-10T00:50:45[0m [32mBoot HART Base ISA          : rv64imafdcvh[0m
[0;90m2026-09-10T00:50:45[0m [32mBoot HART ISA Extensions    : sstc,zicntr,zihpm,zicboz,zicbom,sdtrig,svadu[0m
[0;90m2026-09-10T00:50:45[0m [32mBoot HART PMP Count         : 16[0m
[0;90m2026-09-10T00:50:45[0m [32mBoot HART PMP Granularity   : 2 bits[0m
[0;90m2026-09-10T00:50:45[0m [32mBoot HART PMP Address Bits  : 54[0m
[0;90m2026-09-10T00:50:45[0m [32mBoot HART MHPM Info         : 16 (0x0007fff8)[0m
[0;90m2026-09-10T00:50:45[0m [32mBoot HART Debug Triggers    : 2 triggers[0m
[0;90m2026-09-10T00:50:45[0m [32mBoot HART MIDELEG           : 0x0000000000001666[0m
[0;90m2026-09-10T00:50:45[0m [32mBoot HART MEDELEG           : 0x0000000000f4b509[0m
[0;90m2026-09-10T00:50:45[0m [0;37mstart: 2.2.1 login-action (timeout 00:15:00) [common][0m
[0;90m2026-09-10T00:50:45[0m [1;33mThe string '/ #' does not look like a typical prompt and could match status messages instead. Please check the job log files and use a prompt string which matches the actual prompt string more closely.[0m
[0;90m2026-09-10T00:50:45[0m [0;37mSetting prompt string to [][0m
[0;90m2026-09-10T00:50:45[0m [0;37mSetting prompt string to ['-\\[ cut here \\]', 'Unhandled fault', 'BUG: KCSAN:', 'BUG: KASAN:', 'BUG: KFENCE:', 'Oops(?: -|:)', 'WARNING:', '(kernel BUG at|BUG:)', 'invalid opcode:', 'Kernel panic - not syncing', 'U-Boot SPL 20[0-9][0-9]'][0m
[0;90m2026-09-10T00:50:45[0m [0;37mUsing line separator: #'\n'#[0m
[0;90m2026-09-10T00:50:45[0m [1;37mWaiting for the login prompt[0m
[0;90m2026-09-10T00:50:45[0m [1;37mParsing kernel messages[0m
[0;90m2026-09-10T00:50:45[0m [0;37m['-\\[ cut here \\]', 'Unhandled fault', 'BUG: KCSAN:', 'BUG: KASAN:', 'BUG: KFENCE:', 'Oops(?: -|:)', 'WARNING:', '(kernel BUG at|BUG:)', 'invalid opcode:', 'Kernel panic - not syncing', 'U-Boot SPL 20[0-9][0-9]', 'root@(.*):[/~]#', '/ #', 'login:', 'Login incorrect'][0m
[0;90m2026-09-10T00:50:45[0m [0;37m[login-action] Waiting for messages, (timeout 00:15:00)[0m
[0;90m2026-09-10T00:50:45[0m [0;37mWaiting using forced prompt support (timeout 00:07:30)[0m
[0;90m2026-09-10T00:50:45[0m [32m[    0.000000] Linux version 6.6.156-rt79 (tuxmake@tuxmake) (riscv64-linux-gnu-gcc (Debian 14.2.0-19) 14.2.0, GNU ld (GNU Binutils for Debian) 2.44) #1 SMP @1788993926[0m
[0;90m2026-09-10T00:50:45[0m [32m[    0.000000] random: crng init done[0m
[0;90m2026-09-10T00:50:45[0m [32m[    0.000000] Machine model: riscv-virtio,qemu[0m
[0;90m2026-09-10T00:50:45[0m [32m[    0.000000] SBI specification v3.0 detected[0m
[0;90m2026-09-10T00:50:45[0m [32m[    0.000000] SBI implementation ID=0x1 Version=0x10008[0m
[0;90m2026-09-10T00:50:45[0m [32m[    0.000000] SBI TIME extension detected[0m
[0;90m2026-09-10T00:50:45[0m [32m[    0.000000] SBI IPI extension detected[0m
[0;90m2026-09-10T00:50:45[0m [32m[    0.000000] SBI RFENCE extension detected[0m
[0;90m2026-09-10T00:50:45[0m [32m[    0.000000] SBI SRST extension detected[0m
[0;90m2026-09-10T00:50:45[0m [32m[    0.000000] earlycon: ns16550a0 at MMIO 0x0000000010000000 (options '')[0m
[0;90m2026-09-10T00:50:45[0m [32m[    0.000000] printk: legacy bootconsole [ns16550a0] enabled[0m
[0;90m2026-09-10T00:50:45[0m [32m[    0.000000] efi: UEFI not found.[0m
[0;90m2026-09-10T00:50:45[0m [32m[    0.000000] OF: reserved mem: 0x0000000080000000..0x000000008003ffff (256 KiB) nomap non-reusable mmode_resv1@80000000[0m
[0;90m2026-09-10T00:50:45[0m [32m[    0.000000] OF: reserved mem: 0x0000000080040000..0x000000008005ffff (128 KiB) nomap non-reusable mmode_resv0@80040000[0m
[0;90m2026-09-10T00:50:45[0m [32m[    0.000000] Zone ranges:[0m
[0;90m2026-09-10T00:50:45[0m [32m[    0.000000]   DMA32    [mem 0x0000000080000000-0x00000000ffffffff][0m
[0;90m2026-09-10T00:50:45[0m [32m[    0.000000]   Normal   [mem 0x0000000100000000-0x000000017fffffff][0m
[0;90m2026-09-10T00:50:45[0m [32m[    0.000000] Movable zone start for each node[0m
[0;90m2026-09-10T00:50:45[0m [32m[    0.000000] Early memory node ranges[0m
[0;90m2026-09-10T00:50:45[0m [32m[    0.000000]   node   0: [mem 0x0000000080000000-0x000000008005ffff][0m
[0;90m2026-09-10T00:50:45[0m [32m[    0.000000]   node   0: [mem 0x0000000080060000-0x000000017fffffff][0m
[0;90m2026-09-10T00:50:45[0m [32m[    0.000000] Initmem setup node 0 [mem 0x0000000080000000-0x000000017fffffff][0m
[0;90m2026-09-10T00:50:45[0m [32m[    0.000000] SBI HSM extension detected[0m
[0;90m2026-09-10T00:50:45[0m [32m[    0.000000] riscv: base ISA extensions acdfhimv[0m
[0;90m2026-09-10T00:50:45[0m [32m[    0.000000] riscv: ELF capabilities acdfimv[0m
[0;90m2026-09-10T00:50:45[0m [32m[    0.000000] percpu: Embedded 20 pages/cpu s41272 r8192 d32456 u81920[0m
[0;90m2026-09-10T00:50:45[0m [32m[    0.000000] pcpu-alloc: s41272 r8192 d32456 u81920 alloc=20*4096[0m
[0;90m2026-09-10T00:50:45[0m [32m[    0.000000] pcpu-alloc: [0] 0 [0] 1 [0m
[0;90m2026-09-10T00:50:45[0m [32m[    0.000000] Kernel command line: console=ttyS0,115200 rootwait root=/dev/vda debug verbose console_msg_format=syslog systemd.log_level=warning rw earlycon[0m
[0;90m2026-09-10T00:50:45[0m [32m<5>[    0.000000] Unknown kernel command line parameters "verbose", will be passed to user space.[0m
[0;90m2026-09-10T00:50:45[0m [32m<6>[    0.000000] Dentry cache hash table entries: 524288 (order: 10, 4194304 bytes, linear)[0m
[0;90m2026-09-10T00:50:45[0m [32m<6>[    0.000000] Inode-cache hash table entries: 262144 (order: 9, 2097152 bytes, linear)[0m
[0;90m2026-09-10T00:50:45[0m [32m<6>[    0.000000] Built 1 zonelists, mobility grouping on.  Total pages: 1032192[0m
[0;90m2026-09-10T00:50:45[0m [32m<6>[    0.000000] mem auto-init: stack:all(zero), heap alloc:off, heap free:off[0m
[0;90m2026-09-10T00:50:45[0m [32m<6>[    0.000000] software IO TLB: area num 2.[0m
[0;90m2026-09-10T00:50:45[0m [32m<6>[    0.000000] software IO TLB: mapped [mem 0x00000000fbfff000-0x00000000fffff000] (64MB)[0m
[0;90m2026-09-10T00:50:45[0m [32m<5>[    0.000000] Virtual kernel memory layout:[0m
[0;90m2026-09-10T00:50:45[0m [32m<5>[    0.000000]       fixmap : 0xff1bfffffea00000 - 0xff1bffffff000000   (6144 kB)[0m
[0;90m2026-09-10T00:50:45[0m [32m<5>[    0.000000]       pci io : 0xff1bffffff000000 - 0xff1c000000000000   (  16 MB)[0m
[0;90m2026-09-10T00:50:45[0m [32m<5>[    0.000000]      vmemmap : 0xff1c000000000000 - 0xff20000000000000   (1024 TB)[0m
[0;90m2026-09-10T00:50:45[0m [32m<5>[    0.000000]      vmalloc : 0xff20000000000000 - 0xff60000000000000   (16384 TB)[0m
[0;90m2026-09-10T00:50:45[0m [32m<5>[    0.000000]      modules : 0xffffffff0157e000 - 0xffffffff80000000   (2026 MB)[0m
[0;90m2026-09-10T00:50:45[0m [32m<5>[    0.000000]       lowmem : 0xff60000000000000 - 0xff60000100000000   (4096 MB)[0m
[0;90m2026-09-10T00:50:45[0m [32m<5>[    0.000000]       kernel : 0xffffffff80000000 - 0xffffffffffffffff   (2047 MB)[0m
[0;90m2026-09-10T00:50:45[0m [32m<6>[    0.000000] Memory: 4016644K/4194304K available (9222K kernel code, 4981K rwdata, 4096K rodata, 2200K init, 486K bss, 177660K reserved, 0K cma-reserved)[0m
[0;90m2026-09-10T00:50:46[0m [32m<6>[    0.000000] SLUB: HWalign=64, Order=0-3, MinObjects=0, CPUs=2, Nodes=1[0m
[0;90m2026-09-10T00:50:46[0m [32m<6>[    0.000000] rcu: Hierarchical RCU implementation.[0m
[0;90m2026-09-10T00:50:46[0m [32m<6>[    0.000000] rcu: 	RCU restricting CPUs from NR_CPUS=64 to nr_cpu_ids=2.[0m
[0;90m2026-09-10T00:50:46[0m [32m<6>[    0.000000] rcu: 	RCU debug extended QS entry/exit.[0m
[0;90m2026-09-10T00:50:46[0m [32m<6>[    0.000000] 	Tracing variant of Tasks RCU enabled.[0m
[0;90m2026-09-10T00:50:46[0m [32m<6>[    0.000000] rcu: RCU calculated value of scheduler-enlistment delay is 25 jiffies.[0m
[0;90m2026-09-10T00:50:46[0m [32m<6>[    0.000000] rcu: Adjusting geometry for rcu_fanout_leaf=16, nr_cpu_ids=2[0m
[0;90m2026-09-10T00:50:46[0m [32m<6>[    0.000000] NR_IRQS: 64, nr_irqs: 64, preallocated irqs: 0[0m
[0;90m2026-09-10T00:50:46[0m [32m<6>[    0.000000] riscv-intc: 64 local interrupts mapped[0m
[0;90m2026-09-10T00:50:46[0m [32m<6>[    0.000000] plic: plic@c000000: mapped 95 interrupts with 2 handlers for 4 contexts.[0m
[0;90m2026-09-10T00:50:46[0m [32m<6>[    0.000000] riscv: providing IPIs using SBI IPI extension[0m
[0;90m2026-09-10T00:50:46[0m [32m<6>[    0.000000] rcu: srcu_init: Setting srcu_struct sizes based on contention.[0m
[0;90m2026-09-10T00:50:46[0m [32m<6>[    0.000000] clocksource: riscv_clocksource: mask: 0xffffffffffffffff max_cycles: 0x24e6a1710, max_idle_ns: 440795202120 ns[0m
[0;90m2026-09-10T00:50:46[0m [32m<6>[    0.000053] sched_clock: 64 bits at 10MHz, resolution 100ns, wraps every 4398046511100ns[0m
[0;90m2026-09-10T00:50:46[0m [32m<6>[    0.001594] riscv-timer: Timer interrupt in S-mode is available via sstc extension[0m
[0;90m2026-09-10T00:50:46[0m [32m<6>[    0.016631] Console: colour dummy device 80x25[0m
[0;90m2026-09-10T00:50:46[0m [32m<6>[    0.018825] Calibrating delay loop (skipped), value calculated using timer frequency.. 20.00 BogoMIPS (lpj=40000)[0m
[0;90m2026-09-10T00:50:46[0m [32m<6>[    0.019553] pid_max: default: 32768 minimum: 301[0m
[0;90m2026-09-10T00:50:46[0m [32m<6>[    0.020964] LSM: initializing lsm=capability,integrity[0m
[0;90m2026-09-10T00:50:46[0m [32m<6>[    0.024123] Mount-cache hash table entries: 8192 (order: 4, 65536 bytes, linear)[0m
[0;90m2026-09-10T00:50:46[0m [32m<6>[    0.025446] Mountpoint-cache hash table entries: 8192 (order: 4, 65536 bytes, linear)[0m
[0;90m2026-09-10T00:50:46[0m [32m<6>[    0.058545] RCU Tasks Trace: Setting shift to 1 and lim to 1 rcu_task_cb_adjust=1 rcu_task_cpu_ids=2.[0m
[0;90m2026-09-10T00:50:46[0m [32m<6>[    0.059782] riscv: ELF compat mode supported[0m
[0;90m2026-09-10T00:50:46[0m [32m<6>[    0.060137] ASID allocator using 16 bits (65536 entries)[0m
[0;90m2026-09-10T00:50:46[0m [32m<6>[    0.062425] rcu: Hierarchical SRCU implementation.[0m
[0;90m2026-09-10T00:50:46[0m [32m<6>[    0.063174] rcu: 	Max phase no-delay instances is 1000.[0m
[0;90m2026-09-10T00:50:46[0m [32m<6>[    0.066556] EFI services will not be available.[0m
[0;90m2026-09-10T00:50:46[0m [32m<6>[    0.069218] smp: Bringing up secondary CPUs ...[0m
[0;90m2026-09-10T00:50:46[0m [32m<6>[    0.081757] smp: Brought up 1 node, 2 CPUs[0m
[0;90m2026-09-10T00:50:46[0m [32m<6>[    0.109189] devtmpfs: initialized[0m
[0;90m2026-09-10T00:50:46[0m [32m<6>[    0.117236] clocksource: jiffies: mask: 0xffffffff max_cycles: 0xffffffff, max_idle_ns: 7645041785100000 ns[0m
[0;90m2026-09-10T00:50:46[0m [32m<6>[    0.118108] futex hash table entries: 512 (order: 3, 32768 bytes, linear)[0m
[0;90m2026-09-10T00:50:46[0m [32m<6>[    0.121170] pinctrl core: initialized pinctrl subsystem[0m
[0;90m2026-09-10T00:50:46[0m [32m<6>[    0.130166] NET: Registered PF_NETLINK/PF_ROUTE protocol family[0m
[0;90m2026-09-10T00:50:46[0m [32m<6>[    0.136947] DMA: preallocated 512 KiB GFP_KERNEL pool for atomic allocations[0m
[0;90m2026-09-10T00:50:46[0m [32m<6>[    0.138528] DMA: preallocated 512 KiB GFP_KERNEL|GFP_DMA32 pool for atomic allocations[0m
[0;90m2026-09-10T00:50:46[0m [32m<6>[    0.139378] audit: initializing netlink subsys (disabled)[0m
[0;90m2026-09-10T00:50:46[0m [32m<5>[    0.141975] audit: type=2000 audit(0.120:1): state=initialized audit_enabled=0 res=1[0m
[0;90m2026-09-10T00:50:46[0m [32m<6>[    0.143688] thermal_sys: Registered thermal governor 'step_wise'[0m
[0;90m2026-09-10T00:50:46[0m [32m<6>[    0.144153] cpuidle: using governor menu[0m
[0;90m2026-09-10T00:50:46[0m [32m<6>[    0.171394] cpu1: Ratio of byte access time to unaligned word access is 7.81, unaligned accesses are fast[0m
[0;90m2026-09-10T00:50:46[0m [32m<6>[    0.196349] cpu0: Ratio of byte access time to unaligned word access is 7.25, unaligned accesses are fast[0m
[0;90m2026-09-10T00:50:46[0m [32m<6>[    0.213860] HugeTLB: registered 2.00 MiB page size, pre-allocated 0 pages[0m
[0;90m2026-09-10T00:50:46[0m [32m<6>[    0.214950] HugeTLB: 28 KiB vmemmap can be freed for a 2.00 MiB page[0m
[0;90m2026-09-10T00:50:46[0m [32m<6>[    0.221177] ACPI: Interpreter disabled.[0m
[0;90m2026-09-10T00:50:46[0m [32m<6>[    0.222548] iommu: Default domain type: Translated[0m
[0;90m2026-09-10T00:50:46[0m [32m<6>[    0.223342] iommu: DMA domain TLB invalidation policy: strict mode[0m
[0;90m2026-09-10T00:50:46[0m [32m<5>[    0.226555] SCSI subsystem initialized[0m
[0;90m2026-09-10T00:50:46[0m [32m<7>[    0.228647] libata version 3.00 loaded.[0m
[0;90m2026-09-10T00:50:46[0m [32m<6>[    0.230323] usbcore: registered new interface driver usbfs[0m
[0;90m2026-09-10T00:50:46[0m [32m<6>[    0.231727] usbcore: registered new interface driver hub[0m
[0;90m2026-09-10T00:50:46[0m [32m<6>[    0.232728] usbcore: registered new device driver usb[0m
[0;90m2026-09-10T00:50:46[0m [32m<6>[    0.248599] vgaarb: loaded[0m
[0;90m2026-09-10T00:50:46[0m [32m<6>[    0.251976] clocksource: Switched to clocksource riscv_clocksource[0m
[0;90m2026-09-10T00:50:46[0m [32m<6>[    0.255620] pnp: PnP ACPI: disabled[0m
[0;90m2026-09-10T00:50:46[0m [32m<6>[    0.294375] NET: Registered PF_INET protocol family[0m
[0;90m2026-09-10T00:50:46[0m [32m<6>[    0.296635] IP idents hash table entries: 65536 (order: 7, 524288 bytes, linear)[0m
[0;90m2026-09-10T00:50:46[0m [32m<6>[    0.304147] tcp_listen_portaddr_hash hash table entries: 2048 (order: 4, 65536 bytes, linear)[0m
[0;90m2026-09-10T00:50:46[0m [32m<6>[    0.305880] Table-perturb hash table entries: 65536 (order: 6, 262144 bytes, linear)[0m
[0;90m2026-09-10T00:50:46[0m [32m<6>[    0.307011] TCP established hash table entries: 32768 (order: 6, 262144 bytes, linear)[0m
[0;90m2026-09-10T00:50:46[0m [32m<6>[    0.308788] TCP bind hash table entries: 32768 (order: 9, 2097152 bytes, linear)[0m
[0;90m2026-09-10T00:50:46[0m [32m<6>[    0.316176] TCP: Hash tables configured (established 32768 bind 32768)[0m
[0;90m2026-09-10T00:50:46[0m [32m<6>[    0.318322] UDP hash table entries: 2048 (order: 6, 196608 bytes, linear)[0m
[0;90m2026-09-10T00:50:46[0m [32m<6>[    0.319897] UDP-Lite hash table entries: 2048 (order: 6, 196608 bytes, linear)[0m
[0;90m2026-09-10T00:50:46[0m [32m<6>[    0.323345] NET: Registered PF_UNIX/PF_LOCAL protocol family[0m
[0;90m2026-09-10T00:50:46[0m [32m<6>[    0.327307] RPC: Registered named UNIX socket transport module.[0m
[0;90m2026-09-10T00:50:46[0m [32m<6>[    0.328607] RPC: Registered udp transport module.[0m
[0;90m2026-09-10T00:50:46[0m [32m<6>[    0.329092] RPC: Registered tcp transport module.[0m
[0;90m2026-09-10T00:50:46[0m [32m<6>[    0.329513] RPC: Registered tcp-with-tls transport module.[0m
[0;90m2026-09-10T00:50:46[0m [32m<6>[    0.330194] RPC: Registered tcp NFSv4.1 backchannel transport module.[0m
[0;90m2026-09-10T00:50:46[0m [32m<6>[    0.331065] PCI: CLS 0 bytes, default 64[0m
[0;90m2026-09-10T00:50:46[0m [32m<6>[    0.338408] workingset: timestamp_bits=46 max_order=20 bucket_order=0[0m
[0;90m2026-09-10T00:50:46[0m [32m<5>[    0.345593] NFS: Registering the id_resolver key type[0m
[0;90m2026-09-10T00:50:46[0m [32m<5>[    0.346825] Key type id_resolver registered[0m
[0;90m2026-09-10T00:50:46[0m [32m<5>[    0.347364] Key type id_legacy registered[0m
[0;90m2026-09-10T00:50:46[0m [32m<6>[    0.348219] nfs4filelayout_init: NFSv4 File Layout Driver Registering...[0m
[0;90m2026-09-10T00:50:46[0m [32m<6>[    0.348748] nfs4flexfilelayout_init: NFSv4 Flexfile Layout Driver Registering...[0m
[0;90m2026-09-10T00:50:46[0m [32m<6>[    0.350498] 9p: Installing v9fs 9p2000 file system support[0m
[0;90m2026-09-10T00:50:46[0m [32m<6>[    0.352950] NET: Registered PF_ALG protocol family[0m
[0;90m2026-09-10T00:50:46[0m [32m<6>[    0.354412] Block layer SCSI generic (bsg) driver version 0.4 loaded (major 246)[0m
[0;90m2026-09-10T00:50:46[0m [32m<6>[    0.355591] io scheduler mq-deadline registered[0m
[0;90m2026-09-10T00:50:46[0m [32m<6>[    0.356887] io scheduler kyber registered[0m
[0;90m2026-09-10T00:50:46[0m [32m<6>[    0.357569] io scheduler bfq registered[0m
[0;90m2026-09-10T00:50:46[0m [32m<6>[    0.362329] pci-host-generic 30000000.pci: host bridge /soc/pci@30000000 ranges:[0m
[0;90m2026-09-10T00:50:46[0m [32m<6>[    0.363401] pci-host-generic 30000000.pci:       IO 0x0003000000..0x000300ffff -> 0x0000000000[0m
[0;90m2026-09-10T00:50:46[0m [32m<6>[    0.366108] pci-host-generic 30000000.pci:      MEM 0x0040000000..0x007fffffff -> 0x0040000000[0m
[0;90m2026-09-10T00:50:46[0m [32m<6>[    0.367392] pci-host-generic 30000000.pci:      MEM 0x0400000000..0x07ffffffff -> 0x0400000000[0m
[0;90m2026-09-10T00:50:46[0m [32m<4>[    0.370404] pci-host-generic 30000000.pci: Memory resource size exceeds max for 32 bits[0m
[0;90m2026-09-10T00:50:46[0m [32m<6>[    0.372237] pci-host-generic 30000000.pci: ECAM at [mem 0x30000000-0x3fffffff] for [bus 00-ff][0m
[0;90m2026-09-10T00:50:46[0m [32m<6>[    0.375539] pci-host-generic 30000000.pci: PCI host bridge to bus 0000:00[0m
[0;90m2026-09-10T00:50:46[0m [32m<6>[    0.378652] pci_bus 0000:00: root bus resource [bus 00-ff][0m
[0;90m2026-09-10T00:50:46[0m [32m<6>[    0.379555] pci_bus 0000:00: root bus resource [io  0x0000-0xffff][0m
[0;90m2026-09-10T00:50:46[0m [32m<6>[    0.381615] pci_bus 0000:00: root bus resource [mem 0x40000000-0x7fffffff][0m
[0;90m2026-09-10T00:50:46[0m [32m<6>[    0.382144] pci_bus 0000:00: root bus resource [mem 0x400000000-0x7ffffffff][0m
[0;90m2026-09-10T00:50:46[0m [32m<6>[    0.384631] pci 0000:00:00.0: [1b36:0008] type 00 class 0x060000[0m
[0;90m2026-09-10T00:50:46[0m [32m<6>[    0.388925] pci 0000:00:01.0: [1af4:1001] type 00 class 0x010000[0m
[0;90m2026-09-10T00:50:46[0m [32m<6>[    0.390263] pci 0000:00:01.0: BAR 0 [io  0x0000-0x007f][0m
[0;90m2026-09-10T00:50:46[0m [32m<6>[    0.390798] pci 0000:00:01.0: BAR 1 [mem 0x00000000-0x00000fff][0m
[0;90m2026-09-10T00:50:46[0m [32m<6>[    0.391408] pci 0000:00:01.0: BAR 4 [mem 0x00000000-0x00003fff 64bit pref][0m
[0;90m2026-09-10T00:50:46[0m [32m<6>[    0.394518] pci 0000:00:01.0: BAR 4 [mem 0x400000000-0x400003fff 64bit pref]: assigned[0m
[0;90m2026-09-10T00:50:46[0m [32m<6>[    0.396162] pci 0000:00:01.0: BAR 1 [mem 0x40000000-0x40000fff]: assigned[0m
[0;90m2026-09-10T00:50:46[0m [32m<6>[    0.397300] pci 0000:00:01.0: BAR 0 [io  0x0080-0x00ff]: assigned[0m
[0;90m2026-09-10T00:50:46[0m [32m<6>[    0.408918] virtio-pci 0000:00:01.0: enabling device (0000 -> 0003)[0m
[0;90m2026-09-10T00:50:46[0m [32m<6>[    0.613286] Serial: 8250/16550 driver, 4 ports, IRQ sharing disabled[0m
[0;90m2026-09-10T00:50:46[0m [32m<6>[    0.626949] printk: console [ttyS0] disabled[0m
[0;90m2026-09-10T00:50:46[0m [32m<6>[    0.630560] 10000000.serial: ttyS0 at MMIO 0x10000000 (irq = 13, base_baud = 230400) is a 16550A[0m
[0;90m2026-09-10T00:50:46[0m [32m<6>[    0.633716] printk: console [ttyS0] enabled[0m
[0;90m2026-09-10T00:50:46[0m [32m<6>[    0.633716] printk: console [ttyS0] enabled[0m
[0;90m2026-09-10T00:50:46[0m [32m<6>[    0.634864] printk: legacy bootconsole [ns16550a0] disabled[0m
[0;90m2026-09-10T00:50:46[0m [32m<6>[    0.634864] printk: legacy bootconsole [ns16550a0] disabled[0m
[0;90m2026-09-10T00:50:46[0m [32m<6>[    0.640438] SuperH (H)SCI(F) driver initialized[0m
[0;90m2026-09-10T00:50:46[0m [32m<6>[    0.656407] loop: module loaded[0m
[0;90m2026-09-10T00:50:46[0m [32m<6>[    0.658385] virtio_blk virtio0: 2/0/0 default/read/poll queues[0m
[0;90m2026-09-10T00:50:46[0m [32m<5>[    0.662106] virtio_blk virtio0: [vda] 8388608 512-byte logical blocks (4.29 GB/4.00 GiB)[0m
[0;90m2026-09-10T00:50:46[0m [32m<6>[    0.683190] e1000e: Intel(R) PRO/1000 Network Driver[0m
[0;90m2026-09-10T00:50:46[0m [32m<6>[    0.683277] e1000e: Copyright(c) 1999 - 2015 Intel Corporation.[0m
[0;90m2026-09-10T00:50:46[0m [32m<6>[    0.685834] usbcore: registered new interface driver uas[0m
[0;90m2026-09-10T00:50:46[0m [32m<6>[    0.686102] usbcore: registered new interface driver usb-storage[0m
[0;90m2026-09-10T00:50:46[0m [32m<6>[    0.688294] mousedev: PS/2 mouse device common for all mice[0m
[0;90m2026-09-10T00:50:46[0m [32m<6>[    0.691152] goldfish_rtc 101000.rtc: registered as rtc0[0m
[0;90m2026-09-10T00:50:46[0m [32m<6>[    0.691684] goldfish_rtc 101000.rtc: setting system clock to 2026-09-10T00:50:46 UTC (1789001446)[0m
[0;90m2026-09-10T00:50:46[0m [32m<3>[    0.696541] syscon-poweroff poweroff: pm_power_off already claimed for sbi_srst_power_off[0m
[0;90m2026-09-10T00:50:46[0m [32m<4>[    0.696990] syscon-poweroff: probe of poweroff failed with error -16[0m
[0;90m2026-09-10T00:50:46[0m [32m<6>[    0.699426] sdhci: Secure Digital Host Controller Interface driver[0m
[0;90m2026-09-10T00:50:46[0m [32m<6>[    0.699497] sdhci: Copyright(c) Pierre Ossman[0m
[0;90m2026-09-10T00:50:46[0m [32m<6>[    0.701082] sdhci-pltfm: SDHCI platform and OF driver helper[0m
[0;90m2026-09-10T00:50:46[0m [32m<6>[    0.701741] usbcore: registered new interface driver usbhid[0m
[0;90m2026-09-10T00:50:46[0m [32m<6>[    0.701770] usbhid: USB HID core driver[0m
[0;90m2026-09-10T00:50:46[0m [32m<6>[    0.702300] riscv-pmu-sbi: SBI PMU extension is available[0m
[0;90m2026-09-10T00:50:46[0m [32m<6>[    0.709688] riscv-pmu-sbi: 16 firmware and 18 hardware counters[0m
[0;90m2026-09-10T00:50:46[0m [32m<6>[    0.709811] riscv-pmu-sbi: Perf sampling/filtering is not supported as sscof extension is not available[0m
[0;90m2026-09-10T00:50:46[0m [32m<6>[    0.716666] NET: Registered PF_INET6 protocol family[0m
[0;90m2026-09-10T00:50:46[0m [32m<6>[    0.723212] Segment Routing with IPv6[0m
[0;90m2026-09-10T00:50:46[0m [32m<6>[    0.723415] In-situ OAM (IOAM) with IPv6[0m
[0;90m2026-09-10T00:50:46[0m [32m<6>[    0.724236] sit: IPv6, IPv4 and MPLS over IPv4 tunneling driver[0m
[0;90m2026-09-10T00:50:46[0m [32m<6>[    0.726678] NET: Registered PF_PACKET protocol family[0m
[0;90m2026-09-10T00:50:46[0m [32m<6>[    0.729599] 9pnet: Installing 9P2000 support[0m
[0;90m2026-09-10T00:50:46[0m [32m<5>[    0.729980] Key type dns_resolver registered[0m
[0;90m2026-09-10T00:50:46[0m [32m<7>[    0.730303] start plist test[0m
[0;90m2026-09-10T00:50:46[0m [32m<7>[    0.739608] end plist test[0m
[0;90m2026-09-10T00:50:46[0m [32m<6>[    0.768928] debug_vm_pgtable: [debug_vm_pgtable         ]: Validating architecture page table helpers[0m
[0;90m2026-09-10T00:50:46[0m [32m<6>[    0.776969] clk: Disabling unused clocks[0m
[0;90m2026-09-10T00:50:46[0m [32m<6>[    0.816397] EXT4-fs (vda): mounted filesystem 0aeb8312-0f56-4b49-aab1-1a92bbb71023 r/w with ordered data mode. Quota mode: disabled.[0m
[0;90m2026-09-10T00:50:46[0m [32m<6>[    0.816813] VFS: Mounted root (ext4 filesystem) on device 254:0.[0m
[0;90m2026-09-10T00:50:46[0m [32m<6>[    0.820590] devtmpfs: mounted[0m
[0;90m2026-09-10T00:50:46[0m [32m<6>[    0.863656] Freeing unused kernel image (initmem) memory: 2200K[0m
[0;90m2026-09-10T00:50:46[0m [32m<6>[    0.864784] Run /sbin/init as init process[0m
[0;90m2026-09-10T00:50:46[0m [32m<7>[    0.864806]   with arguments:[0m
[0;90m2026-09-10T00:50:46[0m [32m<7>[    0.864816]     /sbin/init[0m
[0;90m2026-09-10T00:50:46[0m [32m<7>[    0.864823]     verbose[0m
[0;90m2026-09-10T00:50:46[0m [32m<7>[    0.864830]   with environment:[0m
[0;90m2026-09-10T00:50:46[0m [32m<7>[    0.864839]     HOME=/[0m
[0;90m2026-09-10T00:50:46[0m [32m<7>[    0.864847]     TERM=linux[0m
[0;90m2026-09-10T00:50:47[0m [32m<6>[    1.068485] EXT4-fs (vda): re-mounted 0aeb8312-0f56-4b49-aab1-1a92bbb71023.[0m
[0;90m2026-09-10T00:50:47[0m [32mSaving 256 bits of creditable seed for next boot[0m
[0;90m2026-09-10T00:50:47[0m [32mStarting syslogd: OK[0m
[0;90m2026-09-10T00:50:47[0m [32mStarting klogd: OK[0m
[0;90m2026-09-10T00:50:47[0m [32mRunning sysctl: OK[0m
[0;90m2026-09-10T00:50:47[0m [32mStarting modules: OK[0m
[0;90m2026-09-10T00:50:48[0m [32mStarting network: OK[0m
[0;90m2026-09-10T00:50:48[0m [32mStarting crond: OK[0m
[0;90m2026-09-10T00:50:48[0m [32m
[0m
[0;90m2026-09-10T00:50:48[0m [32mWelcome to TuxTest[0m
[0;90m2026-09-10T00:50:48[0m [0;37mMatched prompt #13: login:[0m
[0;90m2026-09-10T00:50:48[0m [1;34m{'definition': 'lava', 'namespace': 'common', 'case': 'kernel-messages', 'level': '2.2.1', 'duration': '2.66', 'result': 'pass', 'extra': {'extra': []}}[0m
[0;90m2026-09-10T00:50:48[0m [0;37mSending username root[0m
[0;90m2026-09-10T00:50:48[0m [0;37mSending line: 'root'[0m
[0;90m2026-09-10T00:50:48[0m [0;35mroot[0m
[0;90m2026-09-10T00:50:48[0m [0;37mSetting prompt string to ['root@(.*):[/~]#', '/ #'][0m
[0;90m2026-09-10T00:50:48[0m [0;37mlogin-action: Wait for prompt ['root@(.*):[/~]#', '/ #', 'Login incorrect', 'Login timed out'] (timeout 00:14:57)[0m
[0;90m2026-09-10T00:50:48[0m [0;37mWaiting using forced prompt support (timeout 00:07:29)[0m
[0;90m2026-09-10T00:50:48[0m [32m
tuxtest login: root[0m
[0;90m2026-09-10T00:50:48[0m [0;37mSetting prompt string to ['root@(.*):[/~]#', '/ #'][0m
[0;90m2026-09-10T00:50:48[0m [0;37mend: 2.2.1 login-action (duration 00:00:03) [common][0m
[0;90m2026-09-10T00:50:48[0m [1;34m{'definition': 'lava', 'namespace': 'common', 'case': 'login-action', 'level': '2.2.1', 'duration': '2.76', 'result': 'pass', 'extra': {'success': 'No kernel warnings or errors detected.'}}[0m
[0;90m2026-09-10T00:50:48[0m [0;37mend: 2.2 auto-login-action (duration 00:00:03) [common][0m
[0;90m2026-09-10T00:50:48[0m [0;37mstart: 2.3 expect-shell-connection (timeout 00:14:57) [common][0m
[0;90m2026-09-10T00:50:48[0m [0;37mSetting prompt string to ['root@(.*):[/~]#', '/ #'][0m
[0;90m2026-09-10T00:50:48[0m [0;37mForcing a shell prompt, looking for ['root@(.*):[/~]#', '/ #'][0m
[0;90m2026-09-10T00:50:48[0m [0;37mSending line: ''[0m
[0;90m2026-09-10T00:50:48[0m [0;35m[0m
[0;90m2026-09-10T00:50:48[0m [0;37mexpect-shell-connection: Wait for prompt ['root@(.*):[/~]#', '/ #'] (timeout 00:15:00)[0m
[0;90m2026-09-10T00:50:48[0m [0;37mWaiting using forced prompt support (timeout 00:07:30)[0m
[0;90m2026-09-10T00:50:48[0m [32mroot@tuxtest:~# [0m
[0;90m2026-09-10T00:50:48[0m [0;37mend: 2.3 expect-shell-connection (duration 00:00:00) [common][0m
[0;90m2026-09-10T00:50:48[0m [0;37mstart: 2.4 export-device-env (timeout 00:14:57) [common][0m
[0;90m2026-09-10T00:50:48[0m [0;37mend: 2.4 export-device-env (duration 00:00:00) [common][0m
[0;90m2026-09-10T00:50:48[0m [1;37mend: 2 boot-image-retry (duration 00:00:03) [common][0m
[0;90m2026-09-10T00:50:48[0m [1;37mstart: 3 lava-test-retry (timeout 00:45:00) [common][0m
[0;90m2026-09-10T00:50:48[0m [0;37mstart: 3.1 lava-test-shell (timeout 00:45:00) [common][0m
[0;90m2026-09-10T00:50:48[0m [0;37mUsing namespace: common[0m
[0;90m2026-09-10T00:50:48[0m [0;37mSending line: '#'[0m
[0;90m2026-09-10T00:50:48[0m [0;35m#[0m
[0;90m2026-09-10T00:50:48[0m [0;37mlava-test-shell: Wait for prompt ['root@(.*):[/~]#', '/ #'] (timeout 00:45:00)[0m
[0;90m2026-09-10T00:50:48[0m [32mroot@tuxtest:~# #[0m
[0;90m2026-09-10T00:50:48[0m [0;37mUsing /lava-1[0m
[0;90m2026-09-10T00:50:48[0m [0;37mSending line: 'export SHELL=/bin/sh'[0m
[0;90m2026-09-10T00:50:48[0m [0;35mexport SHELL=/bin/sh[0m
[0;90m2026-09-10T00:50:48[0m [32mroot@tuxtest:~# export SHELL=/bin/sh[0m
[0;90m2026-09-10T00:50:48[0m [0;37mSending line: '. /lava-1/environment ; printf "<LAVA_SIGNAL_RETRUNCODE $?>\\n"'[0m
[0;90m2026-09-10T00:50:48[0m [0;35m. /lava-1/environment ; printf "<LAVA_SIGNAL_RETRUNCODE $?>\n"[0m
[0;90m2026-09-10T00:50:48[0m [0;37mChecking '. /lava-1/environment' return code... (timeout 00:00:15)[0m
[0;90m2026-09-10T00:50:48[0m [32mroot@tuxtest:~# . /lava-1/environment ; printf "<LAVA_SIGNAL_RETRUNCODE $?>\n"[0m
[0;90m2026-09-10T00:50:48[0m [32m<LAVA_SIGNAL_RETRUNCODE 0>[0m
[0;90m2026-09-10T00:50:48[0m [0;37mSending line: '/lava-1/bin/lava-test-runner /lava-1/0'[0m
[0;90m2026-09-10T00:50:48[0m [0;35m/lava-1/bin/lava-test-runner /lava-1/0[0m
[0;90m2026-09-10T00:50:48[0m [1;37mTest shell timeout: 10s (minimum of the action and connection timeout)[0m
[0;90m2026-09-10T00:50:48[0m [32mroot@tuxtest:~# /lava-1/bin/lava-test-runner /lava-1/0[0m
[0;90m2026-09-10T00:50:48[0m [32m+ export TESTRUN_ID=0_kselftest-riscv[0m
[0;90m2026-09-10T00:50:48[0m [32m+ TESTRUN_ID=0_kselftest-riscv[0m
[0;90m2026-09-10T00:50:48[0m [32m+ cd /lava-1/0/tests/0_kselftest-riscv[0m
[0;90m2026-09-10T00:50:48[0m [32m++ cat uuid[0m
[0;90m2026-09-10T00:50:48[0m [32m+ UUID=1_1.1.2.1[0m
[0;90m2026-09-10T00:50:48[0m [32m+ set +x[0m
[0;90m2026-09-10T00:50:48[0m [32m<8>[    2.656753] <LAVA_SIGNAL_STARTRUN 0_kselftest-riscv 1_1.1.2.1>[0m
[0;90m2026-09-10T00:50:48[0m [0;37mReceived signal: <STARTRUN> 0_kselftest-riscv 1_1.1.2.1[0m
[0;90m2026-09-10T00:50:48[0m [1;37mStarting test lava.0_kselftest-riscv (1_1.1.2.1)[0m
[0;90m2026-09-10T00:50:48[0m [1;37mSkipping test definition patterns.[0m
[0;90m2026-09-10T00:50:48[0m [32m+ cd ./automated/linux/kselftest/[0m
[0;90m2026-09-10T00:50:48[0m [32m+ ./kselftest.sh -c riscv -T '' -t kselftest_armhf.tar.gz -s true -u '' -L '' -S skipfile-lkft.yaml -b '' -g '' -e production -p /opt/kselftests/default-in-kernel -n 1 -i 1 -E ''[0m
[0;90m2026-09-10T00:50:48[0m [32mINFO: Generating a skipfile based on /lava-1/0/tests/0_kselftest-riscv/automated/linux/kselftest/skipfile-lkft.yaml[0m
[0;90m2026-09-10T00:50:49[0m [32mINFO: Using the following generated skipfile contents (until EOF):[0m
[0;90m2026-09-10T00:50:49[0m [32mbpf:test_btf[0m
[0;90m2026-09-10T00:50:49[0m [32mbpf:test_progs[0m
[0;90m2026-09-10T00:50:49[0m [32mbreakpoints:breakpoint_test_arm64[0m
[0;90m2026-09-10T00:50:49[0m [32mkmod:test_kmod.sh[0m
[0;90m2026-09-10T00:50:49[0m [32mkvm:get-reg-list[0m
[0;90m2026-09-10T00:50:49[0m [32mkvm:kvm_create_max_vcpus[0m
[0;90m2026-09-10T00:50:49[0m [32mmqueue:mq_open_tests[0m
[0;90m2026-09-10T00:50:49[0m [32mmqueue:mq_perf_tests[0m
[0;90m2026-09-10T00:50:49[0m [32mnet:fib_nexthops.sh[0m
[0;90m2026-09-10T00:50:49[0m [32mnet:msg_zerocopy.sh[0m
[0;90m2026-09-10T00:50:49[0m [32mnet:rtnetlink.sh[0m
[0;90m2026-09-10T00:50:49[0m [32mnet:run_afpackettests[0m
[0;90m2026-09-10T00:50:49[0m [32mnet:tls[0m
[0;90m2026-09-10T00:50:49[0m [32mnet:udpgro.sh[0m
[0;90m2026-09-10T00:50:49[0m [32mnet:xfrm_policy.sh[0m
[0;90m2026-09-10T00:50:49[0m [32mnetfilter:bridge_brouter.sh[0m
[0;90m2026-09-10T00:50:49[0m [32mnetfilter:conntrack_icmp_related.sh[0m
[0;90m2026-09-10T00:50:49[0m [32mnetfilter:nft_flowtable.sh[0m
[0;90m2026-09-10T00:50:49[0m [32mnetfilter:nft_nat.sh[0m
[0;90m2026-09-10T00:50:49[0m [32mnetfilter:nft_trans_stress.sh[0m
[0;90m2026-09-10T00:50:49[0m [32mpidfd:pidfd_wait[0m
[0;90m2026-09-10T00:50:49[0m [32mproc:proc-pid-vm[0m
[0;90m2026-09-10T00:50:49[0m [32mptrace:vmaccess[0m
[0;90m2026-09-10T00:50:49[0m [32msync:sync_test[0m
[0;90m2026-09-10T00:50:49[0m [32mvm:run_vmtests[0m
[0;90m2026-09-10T00:50:49[0m [32mzram:zram.sh[0m
[0;90m2026-09-10T00:50:49[0m [32mINFO: EOF[0m
[0;90m2026-09-10T00:50:49[0m [32mkselftests found on rootfs[0m
[0;90m2026-09-10T00:50:49[0m [32mskiplist:[0m
[0;90m2026-09-10T00:50:49[0m [32m========================================[0m
[0;90m2026-09-10T00:50:49[0m [32mbpf:test_btf[0m
[0;90m2026-09-10T00:50:49[0m [32mbpf:test_progs[0m
[0;90m2026-09-10T00:50:49[0m [32mbreakpoints:breakpoint_test_arm64[0m
[0;90m2026-09-10T00:50:49[0m [32mkmod:test_kmod.sh[0m
[0;90m2026-09-10T00:50:49[0m [32mkvm:get-reg-list[0m
[0;90m2026-09-10T00:50:49[0m [32mkvm:kvm_create_max_vcpus[0m
[0;90m2026-09-10T00:50:49[0m [32mmqueue:mq_open_tests[0m
[0;90m2026-09-10T00:50:49[0m [32mmqueue:mq_perf_tests[0m
[0;90m2026-09-10T00:50:49[0m [32mnet:fib_nexthops.sh[0m
[0;90m2026-09-10T00:50:49[0m [32mnet:msg_zerocopy.sh[0m
[0;90m2026-09-10T00:50:49[0m [32mnet:rtnetlink.sh[0m
[0;90m2026-09-10T00:50:49[0m [32mnet:run_afpackettests[0m
[0;90m2026-09-10T00:50:49[0m [32mnet:tls[0m
[0;90m2026-09-10T00:50:49[0m [32mnet:udpgro.sh[0m
[0;90m2026-09-10T00:50:49[0m [32mnet:xfrm_policy.sh[0m
[0;90m2026-09-10T00:50:49[0m [32mnetfilter:bridge_brouter.sh[0m
[0;90m2026-09-10T00:50:49[0m [32mnetfilter:conntrack_icmp_related.sh[0m
[0;90m2026-09-10T00:50:49[0m [32mnetfilter:nft_flowtable.sh[0m
[0;90m2026-09-10T00:50:49[0m [32mnetfilter:nft_nat.sh[0m
[0;90m2026-09-10T00:50:49[0m [32mnetfilter:nft_trans_stress.sh[0m
[0;90m2026-09-10T00:50:49[0m [32mpidfd:pidfd_wait[0m
[0;90m2026-09-10T00:50:49[0m [32mproc:proc-pid-vm[0m
[0;90m2026-09-10T00:50:49[0m [32mptrace:vmaccess[0m
[0;90m2026-09-10T00:50:49[0m [32msync:sync_test[0m
[0;90m2026-09-10T00:50:49[0m [32mvm:run_vmtests[0m
[0;90m2026-09-10T00:50:49[0m [32mzram:zram.sh[0m
[0;90m2026-09-10T00:50:49[0m [32m========================================[0m
[0;90m2026-09-10T00:50:49[0m [32m============== Tests to run ===============[0m
[0;90m2026-09-10T00:50:49[0m [32mriscv:hwprobe[0m
[0;90m2026-09-10T00:50:49[0m [32mriscv:vstate_prctl[0m
[0;90m2026-09-10T00:50:49[0m [32mriscv:v_initval_nolibc[0m
[0;90m2026-09-10T00:50:49[0m [32mriscv:run_mmap.sh[0m
[0;90m2026-09-10T00:50:49[0m [32m===========End Tests to run ===============[0m
[0;90m2026-09-10T00:50:49[0m [32mshardfile-riscv pass[0m
[0;90m2026-09-10T00:50:49[0m [32m<12>[    3.666146] kselftest: Running tests in riscv[0m
[0;90m2026-09-10T00:50:49[0m [32mTAP version 13[0m
[0;90m2026-09-10T00:50:49[0m [32m1..4[0m
[0;90m2026-09-10T00:50:49[0m [32m# timeout set to 45[0m
[0;90m2026-09-10T00:50:49[0m [32m# selftests: riscv: hwprobe[0m
[0;90m2026-09-10T00:50:50[0m [32mok 1 selftests: riscv: hwprobe[0m
[0;90m2026-09-10T00:50:50[0m [32m# timeout set to 45[0m
[0;90m2026-09-10T00:50:50[0m [32m# selftests: riscv: vstate_prctl[0m
[0;90m2026-09-10T00:50:50[0m [32m<6>[    4.506370] vstate_exec_nol[222]: unhandled signal 4 code 0x1 at 0x00000000000102ac in vstate_exec_nolibc[10000+1000][0m
[0;90m2026-09-10T00:50:50[0m [32m<4>[    4.506636] CPU: 1 PID: 222 Comm: vstate_exec_nol Not tainted 6.6.156-rt79 #1[0m
[0;90m2026-09-10T00:50:50[0m [32m<4>[    4.506734] Hardware name: riscv-virtio,qemu (DT)[0m
[0;90m2026-09-10T00:50:50[0m [32m<4>[    4.506834] epc : 00000000000102ac ra : 000000000001022e sp : 00007ffff1e9ed60[0m
[0;90m2026-09-10T00:50:50[0m [32m<4>[    4.506869]  gp : 0000000000011800 tp : 0000000000090760 t0 : 00000000000104fe[0m
[0;90m2026-09-10T00:50:50[0m [32m<4>[    4.506881]  t1 : 0000000000000008 t2 : 0000000000000000 s0 : 0000000000000001[0m
[0;90m2026-09-10T00:50:50[0m [32m<4>[    4.506892]  s1 : ffffffffffffffff a0 : 0000000000000001 a1 : 0000000000000000[0m
[0;90m2026-09-10T00:50:50[0m [32m<4>[    4.506903]  a2 : 0000000000000000 a3 : 0000000000000000 a4 : 0000000000000000[0m
[0;90m2026-09-10T00:50:50[0m [32m<4>[    4.506914]  a5 : 0000000000000001 a6 : 0000000000000000 a7 : 00000000000000a7[0m
[0;90m2026-09-10T00:50:50[0m [32m<4>[    4.506927]  s2 : 0000000000000001 s3 : 0000000000000000 s4 : 00007fffdfe069f8[0m
[0;90m2026-09-10T00:50:50[0m [32m<4>[    4.506938]  s5 : 0000000000000002 s6 : 000000000001076a s7 : 0000000000010240[0m
[0;90m2026-09-10T00:50:50[0m [32m<4>[    4.506949]  s8 : 000000000000003a s9 : 000000000008ee70 s10: 0000000000000001[0m
[0;90m2026-09-10T00:50:50[0m [32m<4>[    4.506960]  s11: 4046800000000002 t3 : 0000000000000104 t4 : 0000000000090128[0m
[0;90m2026-09-10T00:50:50[0m [32m<4>[    4.506971]  t5 : 000000000008f4e8 t6 : 0000000000083bc0[0m
[0;90m2026-09-10T00:50:50[0m [32m<4>[    4.506981] status: 0000000200004020 badaddr: 000000000d307057 cause: 0000000000000002[0m
[0;90m2026-09-10T00:50:50[0m [32m<6>[    4.598928] vstate_exec_nol[229]: unhandled signal 4 code 0x1 at 0x00000000000102ac in vstate_exec_nolibc[10000+1000][0m
[0;90m2026-09-10T00:50:50[0m [32m<4>[    4.602418] CPU: 1 PID: 229 Comm: vstate_exec_nol Not tainted 6.6.156-rt79 #1[0m
[0;90m2026-09-10T00:50:50[0m [32m<4>[    4.602522] Hardware name: riscv-virtio,qemu (DT)[0m
[0;90m2026-09-10T00:50:50[0m [32m<4>[    4.602605] epc : 00000000000102ac ra : 000000000001022e sp : 00007ffff848fd60[0m
[0;90m2026-09-10T00:50:50[0m [32m<4>[    4.602633]  gp : 0000000000011800 tp : 0000000000090760 t0 : 00000000000104fe[0m
[0;90m2026-09-10T00:50:50[0m [32m<4>[    4.602645]  t1 : 0000000000000008 t2 : 0000000000000000 s0 : 0000000000000015[0m
[0;90m2026-09-10T00:50:50[0m [32m<4>[    4.602656]  s1 : ffffffffffffffff a0 : 0000000000000015 a1 : 0000000000000000[0m
[0;90m2026-09-10T00:50:50[0m [32m<4>[    4.602670]  a2 : 0000000000000000 a3 : 0000000000000000 a4 : 0000000000000000[0m
[0;90m2026-09-10T00:50:50[0m [32m<4>[    4.602681]  a5 : 0000000000000001 a6 : 0000000000000000 a7 : 00000000000000a7[0m
[0;90m2026-09-10T00:50:50[0m [32m<4>[    4.602692]  s2 : 0000000000000015 s3 : 0000000000000000 s4 : 00007fffdfe069f8[0m
[0;90m2026-09-10T00:50:50[0m [32m<4>[    4.602703]  s5 : 0000000000000002 s6 : 000000000001076a s7 : 0000000000010240[0m
[0;90m2026-09-10T00:50:50[0m [32m<4>[    4.602714]  s8 : 000000000000003a s9 : 000000000008ee70 s10: 0000000000000001[0m
[0;90m2026-09-10T00:50:50[0m [32m<4>[    4.602725]  s11: 4046800000000002 t3 : 0000000000000104 t4 : 0000000000090128[0m
[0;90m2026-09-10T00:50:50[0m [32m<4>[    4.602738]  t5 : 000000000008f4e8 t6 : 0000000000083bc0[0m
[0;90m2026-09-10T00:50:50[0m [32m<4>[    4.602749] status: 0000000200004020 badaddr: 000000000d307057 cause: 0000000000000002[0m
[0;90m2026-09-10T00:50:50[0m [32m<6>[    4.663997] vstate_exec_nol[232]: unhandled signal 4 code 0x1 at 0x00000000000102ac in vstate_exec_nolibc[10000+1000][0m
[0;90m2026-09-10T00:50:50[0m [32m<4>[    4.664139] CPU: 0 PID: 232 Comm: vstate_exec_nol Not tainted 6.6.156-rt79 #1[0m
[0;90m2026-09-10T00:50:50[0m [32m<4>[    4.664156] Hardware name: riscv-virtio,qemu (DT)[0m
[0;90m2026-09-10T00:50:50[0m [32m<4>[    4.664165] epc : 00000000000102ac ra : 000000000001022e sp : 00007fffd8215d60[0m
[0;90m2026-09-10T00:50:50[0m [32m<4>[    4.664176]  gp : 0000000000011800 tp : 0000000000090760 t0 : 00000000000104fe[0m
[0;90m2026-09-10T00:50:50[0m [32m<4>[    4.664184]  t1 : 0000000000000008 t2 : 0000000000000000 s0 : 0000000000000015[0m
[0;90m2026-09-10T00:50:50[0m [32m<4>[    4.664191]  s1 : ffffffffffffffff a0 : 0000000000000015 a1 : 0000000000000000[0m
[0;90m2026-09-10T00:50:50[0m [32m<4>[    4.664199]  a2 : 0000000000000000 a3 : 0000000000000000 a4 : 0000000000000000[0m
[0;90m2026-09-10T00:50:50[0m [32m<4>[    4.664206]  a5 : 0000000000000001 a6 : 0000000000000000 a7 : 00000000000000a7[0m
[0;90m2026-09-10T00:50:50[0m [32m<4>[    4.664213]  s2 : 0000000000000015 s3 : 0000000000000001 s4 : 00007fffdfe069f8[0m
[0;90m2026-09-10T00:50:50[0m [32m<4>[    4.664236]  s5 : 0000000000000002 s6 : 000000000001076a s7 : 0000000000010240[0m
[0;90m2026-09-10T00:50:50[0m [32m<4>[    4.664248]  s8 : 000000000000003a s9 : 000000000008ee70 s10: 0000000000000001[0m
[0;90m2026-09-10T00:50:50[0m [32m<4>[    4.664256]  s11: 4046800000000002 t3 : 0000000000000104 t4 : 0000000000090128[0m
[0;90m2026-09-10T00:50:50[0m [32m<4>[    4.664265]  t5 : 000000000008f4e8 t6 : 0000000000083bc0[0m
[0;90m2026-09-10T00:50:50[0m [32m<4>[    4.664271] status: 0000000200004020 badaddr: 000000000d307057 cause: 0000000000000002[0m
[0;90m2026-09-10T00:50:50[0m [32m# ok 1 tests for riscv_v_vstate_ctrl pass[0m
[0;90m2026-09-10T00:50:50[0m [32m# # Planned tests != run tests (0 != 1)[0m
[0;90m2026-09-10T00:50:50[0m [32m# # Totals: pass:1 fail:0 xfail:0 xpass:0 skip:0 error:0[0m
[0;90m2026-09-10T00:50:50[0m [32mok 2 selftests: riscv: vstate_prctl[0m
[0;90m2026-09-10T00:50:51[0m [32m# timeout set to 45[0m
[0;90m2026-09-10T00:50:51[0m [32m# selftests: riscv: v_initval_nolibc[0m
[0;90m2026-09-10T00:50:51[0m [32m# # vl = 128[0m
[0;90m2026-09-10T00:50:51[0m [32m# # Totals: pass:0 fail:0 xfail:0 xpass:0 skip:0 error:0[0m
[0;90m2026-09-10T00:50:51[0m [32mok 3 selftests: riscv: v_initval_nolibc[0m
[0;90m2026-09-10T00:50:51[0m [32m# timeout set to 45[0m
[0;90m2026-09-10T00:50:51[0m [32m# selftests: riscv: run_mmap.sh[0m
[0;90m2026-09-10T00:50:51[0m [32m# TAP version 13[0m
[0;90m2026-09-10T00:50:51[0m [32m# 1..1[0m
[0;90m2026-09-10T00:50:51[0m [32m# # Starting 1 tests from 1 test cases.[0m
[0;90m2026-09-10T00:50:51[0m [32m# #  RUN           global.default_rlimit ...[0m
[0;90m2026-09-10T00:50:51[0m [32m# # mmap_default.c:27:default_rlimit:Expected 1UL << 38 (274877906944) > (unsigned long)mmap_addresses.on_38_addr (274877906944)[0m
[0;90m2026-09-10T00:50:51[0m [32m# # mmap_default.c:28:default_rlimit:Expected 1UL << 38 (274877906944) > (unsigned long)mmap_addresses.on_46_addr (70368744177664)[0m
[0;90m2026-09-10T00:50:51[0m [32m# # mmap_default.c:29:default_rlimit:Expected 1UL << 47 (140737488355328) > (unsigned long)mmap_addresses.on_47_addr (140737488355328)[0m
[0;90m2026-09-10T00:50:51[0m [32m# # mmap_default.c:30:default_rlimit:Expected 1UL << 47 (140737488355328) > (unsigned long)mmap_addresses.on_55_addr (36028797018963968)[0m
[0;90m2026-09-10T00:50:51[0m [32m# # default_rlimit: Test failed at step #1[0m
[0;90m2026-09-10T00:50:51[0m [32m# #          FAIL  global.default_rlimit[0m
[0;90m2026-09-10T00:50:51[0m [32m# not ok 1 global.default_rlimit[0m
[0;90m2026-09-10T00:50:51[0m [32m# # FAILED: 0 / 1 tests passed.[0m
[0;90m2026-09-10T00:50:51[0m [32m# # Totals: pass:0 fail:1 xfail:0 xpass:0 skip:0 error:0[0m
[0;90m2026-09-10T00:50:51[0m [32m# TAP version 13[0m
[0;90m2026-09-10T00:50:51[0m [32m# 1..1[0m
[0;90m2026-09-10T00:50:51[0m [32m# # Starting 1 tests from 1 test cases.[0m
[0;90m2026-09-10T00:50:51[0m [32m# #  RUN           global.infinite_rlimit ...[0m
[0;90m2026-09-10T00:50:51[0m [32m# # mmap_bottomup.c:27:infinite_rlimit:Expected 1UL << 38 (274877906944) > (unsigned long)mmap_addresses.on_38_addr (274877906944)[0m
[0;90m2026-09-10T00:50:51[0m [32m# # mmap_bottomup.c:28:infinite_rlimit:Expected 1UL << 38 (274877906944) > (unsigned long)mmap_addresses.on_46_addr (70368744177664)[0m
[0;90m2026-09-10T00:50:51[0m [32m# # mmap_bottomup.c:29:infinite_rlimit:Expected 1UL << 47 (140737488355328) > (unsigned long)mmap_addresses.on_47_addr (140737488355328)[0m
[0;90m2026-09-10T00:50:51[0m [32m# # mmap_bottomup.c:30:infinite_rlimit:Expected 1UL << 47 (140737488355328) > (unsigned long)mmap_addresses.on_55_addr (36028797018963968)[0m
[0;90m2026-09-10T00:50:51[0m [32m# # infinite_rlimit: Test failed at step #1[0m
[0;90m2026-09-10T00:50:51[0m [32m# #          FAIL  global.infinite_rlimit[0m
[0;90m2026-09-10T00:50:51[0m [32m# not ok 1 global.infinite_rlimit[0m
[0;90m2026-09-10T00:50:51[0m [32m# # FAILED: 0 / 1 tests passed.[0m
[0;90m2026-09-10T00:50:51[0m [32m# # Totals: pass:0 fail:1 xfail:0 xpass:0 skip:0 error:0[0m
[0;90m2026-09-10T00:50:51[0m [32mok 4 selftests: riscv: run_mmap.sh[0m
[0;90m2026-09-10T00:50:53[0m [32mTraceback (most recent call last):[0m
[0;90m2026-09-10T00:50:53[0m [32m  File [35m"/lava-1/0/tests/0_kselftest-riscv/automated/linux/kselftest/./parse-output.py"[0m, line [35m4[0m, in [35m<module>[0m[0m
[0;90m2026-09-10T00:50:53[0m [32m    from tap import parser[0m
[0;90m2026-09-10T00:50:53[0m [32m[1;35mModuleNotFoundError[0m: [35mNo module named 'tap'[0m[0m
[0;90m2026-09-10T00:50:53[0m [32m+ ../../utils/send-to-lava.sh ./output/result.txt[0m
[0;90m2026-09-10T00:50:53[0m [32m<8>[    7.343370] <LAVA_SIGNAL_TESTCASE TEST_CASE_ID=shardfile-riscv RESULT=pass>[0m
[0;90m2026-09-10T00:50:53[0m [0;37mReceived signal: <TESTCASE> TEST_CASE_ID=shardfile-riscv RESULT=pass[0m
[0;90m2026-09-10T00:50:53[0m [1;34m{'definition': '0_kselftest-riscv', 'case': 'shardfile-riscv', 'result': 'pass', 'starttc': 673, 'endtc': 673}[0m
[0;90m2026-09-10T00:50:53[0m [32m+ set +x[0m
[0;90m2026-09-10T00:50:53[0m [32m<8>[    7.353431] <LAVA_SIGNAL_ENDRUN 0_kselftest-riscv 1_1.1.2.1>[0m
[0;90m2026-09-10T00:50:53[0m [0;37mReceived signal: <ENDRUN> 0_kselftest-riscv 1_1.1.2.1[0m
[0;90m2026-09-10T00:50:53[0m [1;37mEnding use of test pattern.[0m
[0;90m2026-09-10T00:50:53[0m [1;37mEnding test lava.0_kselftest-riscv (1_1.1.2.1), duration 4.70[0m
[0;90m2026-09-10T00:50:53[0m [1;34m{'definition': 'lava', 'case': '0_kselftest-riscv', 'uuid': '1_1.1.2.1', 'repository': 'file:///home/hao/.cache/tuxrun/assets/https___github.com_Linaro_test-definitions_releases_download_2026.06.02_2026.06.tar.zst', 'path': 'automated/linux/kselftest/kselftest.yaml', 'duration': '4.70', 'result': 'pass', 'revision': 'unspecified', 'namespace': 'common'}[0m
[0;90m2026-09-10T00:50:53[0m [0;37m--- 0_kselftest-riscv Test Report ---[0m
[0;90m2026-09-10T00:50:53[0m [0;37mshardfile-riscv: pass
[0m
[0;90m2026-09-10T00:50:53[0m [0;37m---------------- End ----------------[0m
[0;90m2026-09-10T00:50:53[0m [32m<8>[    7.360456] <LAVA_TEST_RUNNER EXIT>[0m
[0;90m2026-09-10T00:50:53[0m [1;37mok: lava_test_shell seems to have completed[0m
[0;90m2026-09-10T00:50:53[0m [0;37mend: 3.1 lava-test-shell (duration 00:00:05) [common][0m
[0;90m2026-09-10T00:50:53[0m [1;37mend: 3 lava-test-retry (duration 00:00:05) [common][0m
[0;90m2026-09-10T00:50:53[0m [1;37mstart: 4 finalize (timeout 00:05:00) [common][0m
[0;90m2026-09-10T00:50:53[0m [0;37mstart: 4.1 power-off (timeout 00:00:30) [common][0m
[0;90m2026-09-10T00:50:53[0m [0;37mend: 4.1 power-off (duration 00:00:00) [common][0m
[0;90m2026-09-10T00:50:53[0m [0;37mstart: 4.2 read-feedback (timeout 00:05:00) [common][0m
[0;90m2026-09-10T00:50:53[0m [0;37mListened to connection for namespace 'common' for up to 1s[0m
[0;90m2026-09-10T00:50:53[0m [0;37mListened to connection for namespace 'common' for up to 1s[0m
[0;90m2026-09-10T00:50:54[0m [1;37mFinalising connection for namespace 'common'[0m
[0;90m2026-09-10T00:50:54[0m [0;37mSending line: 'poweroff'[0m
[0;90m2026-09-10T00:50:54[0m [0;35mpoweroff[0m
[0;90m2026-09-10T00:50:54[0m [0;37mAlready disconnected[0m
[0;90m2026-09-10T00:50:54[0m [32mroot@tuxtest:~# pow[0m
[0;90m2026-09-10T00:50:54[0m [0;37mend: 4.2 read-feedback (duration 00:00:01) [common][0m
[0;90m2026-09-10T00:50:54[0m [0;37mAlready disconnected[0m
[0;90m2026-09-10T00:50:54[0m [1;37mend: 4 finalize (duration 00:00:01) [common][0m
[0;90m2026-09-10T00:50:54[0m [1;37mCleaning after the job[0m
[0;90m2026-09-10T00:50:54[0m [0;37mCleaning up downloaded image: /var/lib/lava/dispatcher/tmp/tuxrun-g32l6ubg-1/url-repo-action-gmw_skyo/url_repo/https___github.com_Linaro_test-definitions_releases_download_2026.06.02_2026.06.tar[0m
[0;90m2026-09-10T00:50:54[0m [0;37mCleaning up downloaded image: /var/lib/lava/dispatcher/tmp/tuxrun-g32l6ubg-1/deployimages-7ouwq2rb/kernel/Image[0m
[0;90m2026-09-10T00:50:54[0m [0;37mCleaning up downloaded image: /var/lib/lava/dispatcher/tmp/tuxrun-g32l6ubg-1/deployimages-7ouwq2rb/rootfs/rootfs-kvm.ext4[0m
[0;90m2026-09-10T00:50:54[0m [0;37mCleaning up downloaded image: /var/lib/lava/dispatcher/tmp/tuxrun-g32l6ubg-1/deployimages-7ouwq2rb/rootfs.kselftest/kselftest.tar[0m
[0;90m2026-09-10T00:50:54[0m [1;37mRemoving root tmp directory at /var/lib/lava/dispatcher/tmp/tuxrun-g32l6ubg-1[0m
[0;90m2026-09-10T00:50:54[0m [1;37mJob finished correctly[0m
[0;90m2026-09-10T00:50:54[0m [1;34m{'definition': 'lava', 'case': 'job', 'result': 'pass'}[0m
403 Client Error: Forbidden for url: https://github.com/Linaro/test-definitions/releases/download/2026.06.02/2026.06.tar.zst Continuing with cached version of the file
