[0;90m2026-09-07T04:58:51[0m [1;37mlava-dispatcher, installed at version: 2026.05.dev0091[0m
[0;90m2026-09-07T04:58:51[0m [1;37mstart: 0 validate[0m
[0;90m2026-09-07T04:58:51[0m [1;37mStart time: 2026-09-07 04:58:51.269889+00:00 (UTC)[0m
[0;90m2026-09-07T04:58:51[0m [0;37mValidating that file:///home/hao/kernelci-riscv/kernelci-api/docker/storage/data/kbuild-gcc-14-riscv-6a9d3091b4b5bb74af896d8b/Image.gz exists[0m
[0;90m2026-09-07T04:58:51[0m [0;37mValidating that file:///tmp/riscv-run/rootfs.ext4.zst exists[0m
[0;90m2026-09-07T04:58:51[0m [1;37mqemu, installed at version: 11.0.2, host architecture: x86_64[0m
[0;90m2026-09-07T04:58:51[0m [1;37mvalidate duration: 0.03[0m
[0;90m2026-09-07T04:58:51[0m [1;34m{'definition': 'lava', 'case': 'validate', 'result': 'pass'}[0m
[0;90m2026-09-07T04:58:51[0m [1;37mstart: 1 deployimages (timeout 00:15:00) [common][0m
[0;90m2026-09-07T04:58:51[0m [0;37mstart: 1.1 download-retry (timeout 00:15:00) [common][0m
[0;90m2026-09-07T04:58:51[0m [0;37mstart: 1.1.1 file-download (timeout 00:15:00) [common][0m
[0;90m2026-09-07T04:58:51[0m [1;37mdownloading file:///home/hao/kernelci-riscv/kernelci-api/docker/storage/data/kbuild-gcc-14-riscv-6a9d3091b4b5bb74af896d8b/Image.gz[0m
[0;90m2026-09-07T04:58:51[0m [0;37msaving as /var/lib/lava/dispatcher/tmp/tuxrun-ajt__xyn-1/deployimages-lv7e7sz6/kernel/Image[0m
[0;90m2026-09-07T04:58:51[0m [0;37mtotal size: 9277882 (8 MB)[0m
[0;90m2026-09-07T04:58:51[0m [1;37mUsing gunzip to decompress gz[0m
[0;90m2026-09-07T04:58:51[0m [0;37mprogress  83 % (7 MB)[0m
[0;90m2026-09-07T04:58:51[0m [1;37m8 MB downloaded in 0.16 s (55.50 MB/s)[0m
[0;90m2026-09-07T04:58:51[0m [0;37mend: 1.1.1 file-download (duration 00:00:00) [common][0m
[0;90m2026-09-07T04:58:51[0m [1;34m{'definition': 'lava', 'namespace': 'common', 'case': 'file-download', 'level': '1.1.1', 'duration': '0.16', 'result': 'pass', 'extra': {'label': 'kernel', 'size': 9277882, 'sha256sum': '1ec4eb9d3852a350f21ea72e76ab2dc5ff18d7de8765f9c45b5f3d75bb07c460'}}[0m
[0;90m2026-09-07T04:58:51[0m [0;37mend: 1.1 download-retry (duration 00:00:00) [common][0m
[0;90m2026-09-07T04:58:51[0m [0;37mstart: 1.2 download-retry (timeout 00:15:00) [common][0m
[0;90m2026-09-07T04:58:51[0m [0;37mstart: 1.2.1 file-download (timeout 00:15:00) [common][0m
[0;90m2026-09-07T04:58:51[0m [1;37mdownloading file:///tmp/riscv-run/rootfs.ext4.zst[0m
[0;90m2026-09-07T04:58:51[0m [0;37msaving as /var/lib/lava/dispatcher/tmp/tuxrun-ajt__xyn-1/deployimages-lv7e7sz6/rootfs/rootfs.ext4[0m
[0;90m2026-09-07T04:58:51[0m [0;37mtotal size: 91610407 (87 MB)[0m
[0;90m2026-09-07T04:58:51[0m [1;37mUsing unzstd to decompress zstd[0m
[0;90m2026-09-07T04:58:51[0m [0;37mprogress  12 % (10 MB)[0m
[0;90m2026-09-07T04:58:51[0m [0;37mprogress  17 % (15 MB)[0m
[0;90m2026-09-07T04:58:51[0m [0;37mprogress  22 % (19 MB)[0m
[0;90m2026-09-07T04:58:51[0m [0;37mprogress  27 % (23 MB)[0m
[0;90m2026-09-07T04:58:52[0m [0;37mprogress  35 % (31 MB)[0m
[0;90m2026-09-07T04:58:52[0m [0;37mprogress  40 % (35 MB)[0m
[0;90m2026-09-07T04:58:52[0m [0;37mprogress  45 % (39 MB)[0m
[0;90m2026-09-07T04:58:52[0m [0;37mprogress  51 % (45 MB)[0m
[0;90m2026-09-07T04:58:52[0m [0;37mprogress  61 % (54 MB)[0m
[0;90m2026-09-07T04:58:52[0m [0;37mprogress  73 % (64 MB)[0m
[0;90m2026-09-07T04:58:53[0m [1;37m87 MB downloaded in 2.10 s (41.56 MB/s)[0m
[0;90m2026-09-07T04:58:53[0m [0;37mend: 1.2.1 file-download (duration 00:00:02) [common][0m
[0;90m2026-09-07T04:58:53[0m [1;34m{'definition': 'lava', 'namespace': 'common', 'case': 'file-download', 'level': '1.2.1', 'duration': '2.10', 'result': 'pass', 'extra': {'label': 'rootfs', 'size': 91610407, 'sha256sum': 'e57dec4419b4f7fb8cf8e94714621bf3ac7869af175467c563c361a73a79c062'}}[0m
[0;90m2026-09-07T04:58:53[0m [0;37mend: 1.2 download-retry (duration 00:00:02) [common][0m
[0;90m2026-09-07T04:58:53[0m [1;37mend: 1 deployimages (duration 00:00:02) [common][0m
[0;90m2026-09-07T04:58:53[0m [1;37mstart: 2 boot-image-retry (timeout 00:15:00) [common][0m
[0;90m2026-09-07T04:58:53[0m [0;37mstart: 2.1 boot-qemu-image (timeout 00:15:00) [common][0m
[0;90m2026-09-07T04:58:53[0m [0;37mstart: 2.1.1 execute-qemu (timeout 00:15:00) [common][0m
[0;90m2026-09-07T04:58:53[0m [1;37mBoot command: /usr/bin/qemu-system-riscv64 -cpu rv64,v=true -machine virt -nographic -nic none -m 4G -monitor none -no-reboot -smp 2 -kernel /var/lib/lava/dispatcher/tmp/tuxrun-ajt__xyn-1/deployimages-lv7e7sz6/kernel/Image -append "console=ttyS0,115200 rootwait root=/dev/vda debug verbose console_msg_format=syslog systemd.log_level=warning earlycon" -drive file=/var/lib/lava/dispatcher/tmp/tuxrun-ajt__xyn-1/deployimages-lv7e7sz6/rootfs/rootfs.ext4,format=raw,id=hd0,if=virtio[0m
[0;90m2026-09-07T04:58:53[0m [0;37mstarted a shell command[0m
[0;90m2026-09-07T04:58:53[0m [0;37mend: 2.1.1 execute-qemu (duration 00:00:00) [common][0m
[0;90m2026-09-07T04:58:53[0m [1;34m{'definition': 'lava', 'namespace': 'common', 'case': 'execute-qemu', 'level': '2.1.1', 'duration': '0.03', 'result': 'pass', 'extra': {'qemu_version': '11.0.2', 'host_arch': 'x86_64', 'job_arch': 'riscv64'}}[0m
[0;90m2026-09-07T04:58:53[0m [0;37mend: 2.1 boot-qemu-image (duration 00:00:00) [common][0m
[0;90m2026-09-07T04:58:53[0m [0;37mstart: 2.2 auto-login-action (timeout 00:15:00) [common][0m
[0;90m2026-09-07T04:58:53[0m [0;37mSetting prompt string to ['Linux version [0-9]'][0m
[0;90m2026-09-07T04:58:53[0m [0;37mauto-login-action: Wait for prompt ['Linux version [0-9]'] (timeout 00:15:00)[0m
[0;90m2026-09-07T04:58:53[0m [32m[0m
[0;90m2026-09-07T04:58:53[0m [32mOpenSBI v1.8[0m
[0;90m2026-09-07T04:58:53[0m [32m   ____                    _____ ____ _____[0m
[0;90m2026-09-07T04:58:53[0m [32m  / __ \                  / ____|  _ \_   _|[0m
[0;90m2026-09-07T04:58:53[0m [32m | |  | |_ __   ___ _ __ | (___ | |_) || |[0m
[0;90m2026-09-07T04:58:53[0m [32m | |  | | '_ \ / _ \ '_ \ \___ \|  _ < | |[0m
[0;90m2026-09-07T04:58:53[0m [32m | |__| | |_) |  __/ | | |____) | |_) || |_[0m
[0;90m2026-09-07T04:58:53[0m [32m  \____/| .__/ \___|_| |_|_____/|____/_____|[0m
[0;90m2026-09-07T04:58:53[0m [32m        | |[0m
[0;90m2026-09-07T04:58:53[0m [32m        |_|[0m
[0;90m2026-09-07T04:58:53[0m [32m[0m
[0;90m2026-09-07T04:58:53[0m [32mPlatform Name               : riscv-virtio,qemu[0m
[0;90m2026-09-07T04:58:53[0m [32mPlatform Features           : medeleg[0m
[0;90m2026-09-07T04:58:53[0m [32mPlatform HART Count         : 2[0m
[0;90m2026-09-07T04:58:53[0m [32mPlatform HART Protection    : pmp[0m
[0;90m2026-09-07T04:58:53[0m [32mPlatform IPI Device         : aclint-mswi[0m
[0;90m2026-09-07T04:58:53[0m [32mPlatform Timer Device       : aclint-mtimer @ 10000000Hz[0m
[0;90m2026-09-07T04:58:53[0m [32mPlatform Console Device     : uart8250[0m
[0;90m2026-09-07T04:58:53[0m [32mPlatform HSM Device         : ---[0m
[0;90m2026-09-07T04:58:53[0m [32mPlatform PMU Device         : ---[0m
[0;90m2026-09-07T04:58:53[0m [32mPlatform Reboot Device      : syscon-reboot[0m
[0;90m2026-09-07T04:58:53[0m [32mPlatform Shutdown Device    : syscon-poweroff[0m
[0;90m2026-09-07T04:58:53[0m [32mPlatform Suspend Device     : ---[0m
[0;90m2026-09-07T04:58:53[0m [32mPlatform CPPC Device        : ---[0m
[0;90m2026-09-07T04:58:53[0m [32mFirmware Base               : 0x80000000[0m
[0;90m2026-09-07T04:58:53[0m [32mFirmware Size               : 333 KB[0m
[0;90m2026-09-07T04:58:53[0m [32mFirmware RW Offset          : 0x40000[0m
[0;90m2026-09-07T04:58:53[0m [32mFirmware RW Size            : 77 KB[0m
[0;90m2026-09-07T04:58:53[0m [32mFirmware Heap Offset        : 0x49000[0m
[0;90m2026-09-07T04:58:53[0m [32mFirmware Heap Size          : 41 KB (total), 0 KB (reserved), 12 KB (used), 27 KB (free)[0m
[0;90m2026-09-07T04:58:53[0m [32mFirmware Scratch Size       : 4096 B (total), 1464 B (used), 2632 B (free)[0m
[0;90m2026-09-07T04:58:53[0m [32mRuntime SBI Version         : 3.0[0m
[0;90m2026-09-07T04:58:53[0m [32mStandard SBI Extensions     : ipi,pmu,srst,sse,hsm,rfnc,fwft,time,base,legacy,dbcn,dbtr[0m
[0;90m2026-09-07T04:58:53[0m [32mExperimental SBI Extensions : none[0m
[0;90m2026-09-07T04:58:53[0m [32m[0m
[0;90m2026-09-07T04:58:53[0m [32mDomain0 Name                : root[0m
[0;90m2026-09-07T04:58:53[0m [32mDomain0 Boot HART           : 0[0m
[0;90m2026-09-07T04:58:53[0m [32mDomain0 HARTs               : 0*,1*[0m
[0;90m2026-09-07T04:58:53[0m [32mDomain0 Region00            : 0x0000000080040000-0x000000008005ffff M: (F,R,W) S/U: ()[0m
[0;90m2026-09-07T04:58:53[0m [32mDomain0 Region01            : 0x0000000080000000-0x000000008003ffff M: (F,R,X) S/U: ()[0m
[0;90m2026-09-07T04:58:53[0m [32mDomain0 Region02            : 0x0000000000100000-0x0000000000100fff M: (I,R,W) S/U: (R,W)[0m
[0;90m2026-09-07T04:58:53[0m [32mDomain0 Region03            : 0x0000000010000000-0x0000000010000fff M: (I,R,W) S/U: (R,W)[0m
[0;90m2026-09-07T04:58:53[0m [32mDomain0 Region04            : 0x0000000002000000-0x000000000200ffff M: (I,R,W) S/U: ()[0m
[0;90m2026-09-07T04:58:53[0m [32mDomain0 Region05            : 0x000000000c400000-0x000000000c5fffff M: (I,R,W) S/U: (R,W)[0m
[0;90m2026-09-07T04:58:53[0m [32mDomain0 Region06            : 0x000000000c000000-0x000000000c3fffff M: (I,R,W) S/U: (R,W)[0m
[0;90m2026-09-07T04:58:53[0m [32mDomain0 Region07            : 0x0000000000000000-0xffffffffffffffff M: () S/U: (R,W,X)[0m
[0;90m2026-09-07T04:58:53[0m [32mDomain0 Next Address        : 0x0000000080200000[0m
[0;90m2026-09-07T04:58:53[0m [32mDomain0 Next Arg1           : 0x000000017fe00000[0m
[0;90m2026-09-07T04:58:53[0m [32mDomain0 Next Mode           : S-mode[0m
[0;90m2026-09-07T04:58:53[0m [32mDomain0 SysReset            : yes[0m
[0;90m2026-09-07T04:58:53[0m [32mDomain0 SysSuspend          : yes[0m
[0;90m2026-09-07T04:58:53[0m [32m[0m
[0;90m2026-09-07T04:58:53[0m [32mBoot HART ID                : 0[0m
[0;90m2026-09-07T04:58:53[0m [32mBoot HART Domain            : root[0m
[0;90m2026-09-07T04:58:53[0m [32mBoot HART Priv Version      : v1.12[0m
[0;90m2026-09-07T04:58:53[0m [32mBoot HART Base ISA          : rv64imafdcvh[0m
[0;90m2026-09-07T04:58:53[0m [32mBoot HART ISA Extensions    : sstc,zicntr,zihpm,zicboz,zicbom,sdtrig,svadu[0m
[0;90m2026-09-07T04:58:53[0m [32mBoot HART PMP Count         : 16[0m
[0;90m2026-09-07T04:58:53[0m [32mBoot HART PMP Granularity   : 2 bits[0m
[0;90m2026-09-07T04:58:53[0m [32mBoot HART PMP Address Bits  : 54[0m
[0;90m2026-09-07T04:58:53[0m [32mBoot HART MHPM Info         : 16 (0x0007fff8)[0m
[0;90m2026-09-07T04:58:53[0m [32mBoot HART Debug Triggers    : 2 triggers[0m
[0;90m2026-09-07T04:58:53[0m [32mBoot HART MIDELEG           : 0x0000000000001666[0m
[0;90m2026-09-07T04:58:53[0m [32mBoot HART MEDELEG           : 0x0000000000f4b509[0m
[0;90m2026-09-07T04:58:53[0m [32m[    0.000000] Booting Linux on hartid 0[0m
[0;90m2026-09-07T04:58:53[0m [0;37mstart: 2.2.1 login-action (timeout 00:15:00) [common][0m
[0;90m2026-09-07T04:58:53[0m [1;33mThe string '/ #' does not look like a typical prompt and could match status messages instead. Please check the job log files and use a prompt string which matches the actual prompt string more closely.[0m
[0;90m2026-09-07T04:58:53[0m [0;37mSetting prompt string to [][0m
[0;90m2026-09-07T04:58:53[0m [0;37mSetting prompt string to ['-\\[ cut here \\]', 'Unhandled fault', 'BUG: KCSAN:', 'BUG: KASAN:', 'BUG: KFENCE:', 'Oops(?: -|:)', 'WARNING:', '(kernel BUG at|BUG:)', 'invalid opcode:', 'Kernel panic - not syncing', 'U-Boot SPL 20[0-9][0-9]'][0m
[0;90m2026-09-07T04:58:53[0m [0;37mUsing line separator: #'\n'#[0m
[0;90m2026-09-07T04:58:53[0m [1;37mWaiting for the login prompt[0m
[0;90m2026-09-07T04:58:53[0m [1;37mParsing kernel messages[0m
[0;90m2026-09-07T04:58:53[0m [0;37m['-\\[ cut here \\]', 'Unhandled fault', 'BUG: KCSAN:', 'BUG: KASAN:', 'BUG: KFENCE:', 'Oops(?: -|:)', 'WARNING:', '(kernel BUG at|BUG:)', 'invalid opcode:', 'Kernel panic - not syncing', 'U-Boot SPL 20[0-9][0-9]', 'root@(.*):[/~]#', '/ #', 'login:', 'Login incorrect'][0m
[0;90m2026-09-07T04:58:53[0m [0;37m[login-action] Waiting for messages, (timeout 00:15:00)[0m
[0;90m2026-09-07T04:58:53[0m [0;37mWaiting using forced prompt support (timeout 00:07:30)[0m
[0;90m2026-09-07T04:58:53[0m [32m[    0.000000] Linux version 6.18.0 (tuxmake@tuxmake) (riscv64-linux-gnu-gcc (Debian 14.2.0-19) 14.2.0, GNU ld (GNU Binutils for Debian) 2.44) #1 SMP @1788686495[0m
[0;90m2026-09-07T04:58:53[0m [32m[    0.000000] random: crng init done[0m
[0;90m2026-09-07T04:58:53[0m [32m[    0.000000] Machine model: riscv-virtio,qemu[0m
[0;90m2026-09-07T04:58:53[0m [32m[    0.000000] SBI specification v3.0 detected[0m
[0;90m2026-09-07T04:58:53[0m [32m[    0.000000] SBI implementation ID=0x1 Version=0x10008[0m
[0;90m2026-09-07T04:58:53[0m [32m[    0.000000] SBI TIME extension detected[0m
[0;90m2026-09-07T04:58:53[0m [32m[    0.000000] SBI IPI extension detected[0m
[0;90m2026-09-07T04:58:53[0m [32m[    0.000000] SBI RFENCE extension detected[0m
[0;90m2026-09-07T04:58:53[0m [32m[    0.000000] SBI SRST extension detected[0m
[0;90m2026-09-07T04:58:53[0m [32m[    0.000000] SBI DBCN extension detected[0m
[0;90m2026-09-07T04:58:53[0m [32m[    0.000000] SBI FWFT extension detected[0m
[0;90m2026-09-07T04:58:53[0m [32m[    0.000000] efi: UEFI not found.[0m
[0;90m2026-09-07T04:58:53[0m [32m[    0.000000] earlycon: ns16550a0 at MMIO 0x0000000010000000 (options '')[0m
[0;90m2026-09-07T04:58:53[0m [32m[    0.000000] printk: legacy bootconsole [ns16550a0] enabled[0m
[0;90m2026-09-07T04:58:53[0m [32m[    0.000000] OF: reserved mem: 0x0000000080000000..0x000000008003ffff (256 KiB) nomap non-reusable mmode_resv1@80000000[0m
[0;90m2026-09-07T04:58:53[0m [32m[    0.000000] OF: reserved mem: 0x0000000080040000..0x000000008005ffff (128 KiB) nomap non-reusable mmode_resv0@80040000[0m
[0;90m2026-09-07T04:58:53[0m [32m[    0.000000] Zone ranges:[0m
[0;90m2026-09-07T04:58:53[0m [32m[    0.000000]   DMA32    [mem 0x0000000080000000-0x00000000ffffffff][0m
[0;90m2026-09-07T04:58:53[0m [32m[    0.000000]   Normal   [mem 0x0000000100000000-0x000000017fffffff][0m
[0;90m2026-09-07T04:58:53[0m [32m[    0.000000] Movable zone start for each node[0m
[0;90m2026-09-07T04:58:53[0m [32m[    0.000000] Early memory node ranges[0m
[0;90m2026-09-07T04:58:53[0m [32m[    0.000000]   node   0: [mem 0x0000000080000000-0x000000008005ffff][0m
[0;90m2026-09-07T04:58:53[0m [32m[    0.000000]   node   0: [mem 0x0000000080060000-0x000000017fffffff][0m
[0;90m2026-09-07T04:58:53[0m [32m[    0.000000] Initmem setup node 0 [mem 0x0000000080000000-0x000000017fffffff][0m
[0;90m2026-09-07T04:58:54[0m [32m[    0.000000] SBI HSM extension detected[0m
[0;90m2026-09-07T04:58:54[0m [32m[    0.000000] riscv: base ISA extensions acdfhimv[0m
[0;90m2026-09-07T04:58:54[0m [32m[    0.000000] riscv: ELF capabilities acdfimv[0m
[0;90m2026-09-07T04:58:54[0m [32m[    0.000000] Queued spinlock using Ziccrse: enabled[0m
[0;90m2026-09-07T04:58:54[0m [32m[    0.000000] percpu: Embedded 31 pages/cpu s86296 r8192 d32488 u126976[0m
[0;90m2026-09-07T04:58:54[0m [32m[    0.000000] pcpu-alloc: s86296 r8192 d32488 u126976 alloc=31*4096[0m
[0;90m2026-09-07T04:58:54[0m [32m[    0.000000] pcpu-alloc: [0] 0 [0] 1 [0m
[0;90m2026-09-07T04:58:54[0m [32m[    0.000000] Kernel command line: console=ttyS0,115200 rootwait root=/dev/vda debug verbose console_msg_format=syslog systemd.log_level=warning earlycon[0m
[0;90m2026-09-07T04:58:54[0m [32m<5>[    0.000000] Unknown kernel command line parameters "verbose", will be passed to user space.[0m
[0;90m2026-09-07T04:58:54[0m [32m<6>[    0.000000] printk: log buffer data + meta data: 131072 + 458752 = 589824 bytes[0m
[0;90m2026-09-07T04:58:54[0m [32m<6>[    0.000000] Dentry cache hash table entries: 524288 (order: 10, 4194304 bytes, linear)[0m
[0;90m2026-09-07T04:58:54[0m [32m<6>[    0.000000] Inode-cache hash table entries: 262144 (order: 9, 2097152 bytes, linear)[0m
[0;90m2026-09-07T04:58:54[0m [32m<6>[    0.000000] software IO TLB: area num 2.[0m
[0;90m2026-09-07T04:58:54[0m [32m<6>[    0.000000] software IO TLB: mapped [mem 0x00000000fbfff000-0x00000000fffff000] (64MB)[0m
[0;90m2026-09-07T04:58:54[0m [32m<6>[    0.000000] Built 1 zonelists, mobility grouping on.  Total pages: 1048576[0m
[0;90m2026-09-07T04:58:54[0m [32m<6>[    0.000000] mem auto-init: stack:all(zero), heap alloc:off, heap free:off[0m
[0;90m2026-09-07T04:58:54[0m [32m<6>[    0.000000] SLUB: HWalign=64, Order=0-3, MinObjects=0, CPUs=2, Nodes=1[0m
[0;90m2026-09-07T04:58:54[0m [32m<6>[    0.000000] rcu: Hierarchical RCU implementation.[0m
[0;90m2026-09-07T04:58:54[0m [32m<6>[    0.000000] rcu: 	RCU event tracing is enabled.[0m
[0;90m2026-09-07T04:58:54[0m [32m<6>[    0.000000] rcu: 	RCU restricting CPUs from NR_CPUS=64 to nr_cpu_ids=2.[0m
[0;90m2026-09-07T04:58:54[0m [32m<6>[    0.000000] 	Tracing variant of Tasks RCU enabled.[0m
[0;90m2026-09-07T04:58:54[0m [32m<6>[    0.000000] rcu: RCU calculated value of scheduler-enlistment delay is 25 jiffies.[0m
[0;90m2026-09-07T04:58:54[0m [32m<6>[    0.000000] rcu: Adjusting geometry for rcu_fanout_leaf=16, nr_cpu_ids=2[0m
[0;90m2026-09-07T04:58:54[0m [32m<6>[    0.000000] RCU Tasks Trace: Setting shift to 1 and lim to 1 rcu_task_cb_adjust=1 rcu_task_cpu_ids=2.[0m
[0;90m2026-09-07T04:58:54[0m [32m<6>[    0.000000] NR_IRQS: 64, nr_irqs: 64, preallocated irqs: 0[0m
[0;90m2026-09-07T04:58:54[0m [32m<6>[    0.000000] riscv-intc: 64 local interrupts mapped[0m
[0;90m2026-09-07T04:58:54[0m [32m<6>[    0.000000] riscv: providing IPIs using SBI IPI extension[0m
[0;90m2026-09-07T04:58:54[0m [32m<6>[    0.000000] rcu: srcu_init: Setting srcu_struct sizes based on contention.[0m
[0;90m2026-09-07T04:58:54[0m [32m<6>[    0.000000] clocksource: riscv_clocksource: mask: 0xffffffffffffffff max_cycles: 0x24e6a1710, max_idle_ns: 440795202120 ns[0m
[0;90m2026-09-07T04:58:54[0m [32m<6>[    0.000049] sched_clock: 64 bits at 10MHz, resolution 100ns, wraps every 4398046511100ns[0m
[0;90m2026-09-07T04:58:54[0m [32m<6>[    0.001362] riscv-timer: Timer interrupt in S-mode is available via sstc extension[0m
[0;90m2026-09-07T04:58:54[0m [32m<6>[    0.009732] Console: colour dummy device 80x25[0m
[0;90m2026-09-07T04:58:54[0m [32m<6>[    0.012287] Calibrating delay loop (skipped), value calculated using timer frequency.. 20.00 BogoMIPS (lpj=40000)[0m
[0;90m2026-09-07T04:58:54[0m [32m<6>[    0.014770] pid_max: default: 32768 minimum: 301[0m
[0;90m2026-09-07T04:58:54[0m [32m<6>[    0.018426] LSM: initializing lsm=capability[0m
[0;90m2026-09-07T04:58:54[0m [32m<6>[    0.021780] Mount-cache hash table entries: 8192 (order: 4, 65536 bytes, linear)[0m
[0;90m2026-09-07T04:58:54[0m [32m<6>[    0.022654] Mountpoint-cache hash table entries: 8192 (order: 4, 65536 bytes, linear)[0m
[0;90m2026-09-07T04:58:54[0m [32m<6>[    0.059068] riscv: ELF compat mode supported[0m
[0;90m2026-09-07T04:58:54[0m [32m<6>[    0.059532] ASID allocator using 16 bits (65536 entries)[0m
[0;90m2026-09-07T04:58:54[0m [32m<6>[    0.061501] rcu: Hierarchical SRCU implementation.[0m
[0;90m2026-09-07T04:58:54[0m [32m<6>[    0.062294] rcu: 	Max phase no-delay instances is 1000.[0m
[0;90m2026-09-07T04:58:54[0m [32m<6>[    0.063585] Timer migration: 1 hierarchy levels; 8 children per group; 1 crossnode level[0m
[0;90m2026-09-07T04:58:54[0m [32m<6>[    0.066150] EFI services will not be available.[0m
[0;90m2026-09-07T04:58:54[0m [32m<6>[    0.068163] smp: Bringing up secondary CPUs ...[0m
[0;90m2026-09-07T04:58:54[0m [32m<6>[    0.076851] smp: Brought up 1 node, 2 CPUs[0m
[0;90m2026-09-07T04:58:54[0m [32m<6>[    0.081265] Memory: 4006144K/4194304K available (11685K kernel code, 5896K rwdata, 6144K rodata, 2421K init, 415K bss, 183764K reserved, 0K cma-reserved)[0m
[0;90m2026-09-07T04:58:54[0m [32m<6>[    0.095689] devtmpfs: initialized[0m
[0;90m2026-09-07T04:58:54[0m [32m<6>[    0.108423] clocksource: jiffies: mask: 0xffffffff max_cycles: 0xffffffff, max_idle_ns: 7645041785100000 ns[0m
[0;90m2026-09-07T04:58:54[0m [32m<6>[    0.111196] posixtimers hash table entries: 1024 (order: 2, 16384 bytes, linear)[0m
[0;90m2026-09-07T04:58:54[0m [32m<6>[    0.114158] futex hash table entries: 512 (32768 bytes on 1 NUMA nodes, total 32 KiB, linear).[0m
[0;90m2026-09-07T04:58:54[0m [32m<6>[    0.119624] pinctrl core: initialized pinctrl subsystem[0m
[0;90m2026-09-07T04:58:54[0m [32m<6>[    0.127190] DMI not present or invalid.[0m
[0;90m2026-09-07T04:58:54[0m [32m<6>[    0.129352] NET: Registered PF_NETLINK/PF_ROUTE protocol family[0m
[0;90m2026-09-07T04:58:54[0m [32m<6>[    0.133764] DMA: preallocated 512 KiB GFP_KERNEL pool for atomic allocations[0m
[0;90m2026-09-07T04:58:54[0m [32m<6>[    0.135525] DMA: preallocated 512 KiB GFP_KERNEL|GFP_DMA32 pool for atomic allocations[0m
[0;90m2026-09-07T04:58:54[0m [32m<6>[    0.137305] audit: initializing netlink subsys (disabled)[0m
[0;90m2026-09-07T04:58:54[0m [32m<5>[    0.140289] audit: type=2000 audit(0.120:1): state=initialized audit_enabled=0 res=1[0m
[0;90m2026-09-07T04:58:54[0m [32m<6>[    0.143075] thermal_sys: Registered thermal governor 'step_wise'[0m
[0;90m2026-09-07T04:58:54[0m [32m<6>[    0.144019] cpuidle: using governor menu[0m
[0;90m2026-09-07T04:58:54[0m [32m<6>[    0.149415] SBI misaligned access exception delegation ok[0m
[0;90m2026-09-07T04:58:54[0m [32m<6>[    0.175747] cpu1: Ratio of byte access time to unaligned word access is 7.15, unaligned accesses are fast[0m
[0;90m2026-09-07T04:58:54[0m [32m<6>[    0.200485] cpu0: Ratio of byte access time to unaligned word access is 7.25, unaligned accesses are fast[0m
[0;90m2026-09-07T04:58:54[0m [32m<6>[    0.264815] cpu1: Ratio of vector byte access time to vector unaligned word access is 3.76, unaligned accesses are fast[0m
[0;90m2026-09-07T04:58:54[0m [32m<6>[    0.300718] cpu0: Ratio of vector byte access time to vector unaligned word access is 3.81, unaligned accesses are fast[0m
[0;90m2026-09-07T04:58:54[0m [32m<6>[    0.324504] HugeTLB: registered 2.00 MiB page size, pre-allocated 0 pages[0m
[0;90m2026-09-07T04:58:54[0m [32m<6>[    0.325178] HugeTLB: 28 KiB vmemmap can be freed for a 2.00 MiB page[0m
[0;90m2026-09-07T04:58:54[0m [32m<6>[    0.335781] ACPI: Interpreter disabled.[0m
[0;90m2026-09-07T04:58:54[0m [32m<6>[    0.338087] iommu: Default domain type: Translated[0m
[0;90m2026-09-07T04:58:54[0m [32m<6>[    0.338560] iommu: DMA domain TLB invalidation policy: strict mode[0m
[0;90m2026-09-07T04:58:54[0m [32m<5>[    0.346131] SCSI subsystem initialized[0m
[0;90m2026-09-07T04:58:54[0m [32m<7>[    0.348514] libata version 3.00 loaded.[0m
[0;90m2026-09-07T04:58:54[0m [32m<6>[    0.351100] usbcore: registered new interface driver usbfs[0m
[0;90m2026-09-07T04:58:54[0m [32m<6>[    0.352847] usbcore: registered new interface driver hub[0m
[0;90m2026-09-07T04:58:54[0m [32m<6>[    0.353777] usbcore: registered new device driver usb[0m
[0;90m2026-09-07T04:58:54[0m [32m<6>[    0.356847] Advanced Linux Sound Architecture Driver Initialized.[0m
[0;90m2026-09-07T04:58:54[0m [32m<6>[    0.373680] vgaarb: loaded[0m
[0;90m2026-09-07T04:58:54[0m [32m<6>[    0.386679] clocksource: Switched to clocksource riscv_clocksource[0m
[0;90m2026-09-07T04:58:54[0m [32m<6>[    0.393336] pnp: PnP ACPI: disabled[0m
[0;90m2026-09-07T04:58:54[0m [32m<6>[    0.416825] NET: Registered PF_INET protocol family[0m
[0;90m2026-09-07T04:58:54[0m [32m<6>[    0.421875] IP idents hash table entries: 65536 (order: 7, 524288 bytes, linear)[0m
[0;90m2026-09-07T04:58:54[0m [32m<6>[    0.433539] tcp_listen_portaddr_hash hash table entries: 2048 (order: 3, 32768 bytes, linear)[0m
[0;90m2026-09-07T04:58:54[0m [32m<6>[    0.434693] Table-perturb hash table entries: 65536 (order: 6, 262144 bytes, linear)[0m
[0;90m2026-09-07T04:58:54[0m [32m<6>[    0.435642] TCP established hash table entries: 32768 (order: 6, 262144 bytes, linear)[0m
[0;90m2026-09-07T04:58:54[0m [32m<6>[    0.438539] TCP bind hash table entries: 32768 (order: 8, 1048576 bytes, linear)[0m
[0;90m2026-09-07T04:58:54[0m [32m<6>[    0.440222] TCP: Hash tables configured (established 32768 bind 32768)[0m
[0;90m2026-09-07T04:58:54[0m [32m<6>[    0.443643] UDP hash table entries: 2048 (order: 5, 131072 bytes, linear)[0m
[0;90m2026-09-07T04:58:54[0m [32m<6>[    0.445368] UDP-Lite hash table entries: 2048 (order: 5, 131072 bytes, linear)[0m
[0;90m2026-09-07T04:58:54[0m [32m<6>[    0.447509] NET: Registered PF_UNIX/PF_LOCAL protocol family[0m
[0;90m2026-09-07T04:58:54[0m [32m<6>[    0.451929] RPC: Registered named UNIX socket transport module.[0m
[0;90m2026-09-07T04:58:54[0m [32m<6>[    0.453231] RPC: Registered udp transport module.[0m
[0;90m2026-09-07T04:58:54[0m [32m<6>[    0.453730] RPC: Registered tcp transport module.[0m
[0;90m2026-09-07T04:58:54[0m [32m<6>[    0.454226] RPC: Registered tcp-with-tls transport module.[0m
[0;90m2026-09-07T04:58:54[0m [32m<6>[    0.455097] RPC: Registered tcp NFSv4.1 backchannel transport module.[0m
[0;90m2026-09-07T04:58:54[0m [32m<6>[    0.456095] PCI: CLS 0 bytes, default 64[0m
[0;90m2026-09-07T04:58:54[0m [32m<6>[    0.461564] workingset: timestamp_bits=46 max_order=20 bucket_order=0[0m
[0;90m2026-09-07T04:58:54[0m [32m<5>[    0.470478] NFS: Registering the id_resolver key type[0m
[0;90m2026-09-07T04:58:54[0m [32m<5>[    0.471626] Key type id_resolver registered[0m
[0;90m2026-09-07T04:58:54[0m [32m<5>[    0.472145] Key type id_legacy registered[0m
[0;90m2026-09-07T04:58:54[0m [32m<6>[    0.473639] nfs4filelayout_init: NFSv4 File Layout Driver Registering...[0m
[0;90m2026-09-07T04:58:54[0m [32m<6>[    0.474912] nfs4flexfilelayout_init: NFSv4 Flexfile Layout Driver Registering...[0m
[0;90m2026-09-07T04:58:54[0m [32m<6>[    0.476907] 9p: Installing v9fs 9p2000 file system support[0m
[0;90m2026-09-07T04:58:54[0m [32m<6>[    0.479475] Block layer SCSI generic (bsg) driver version 0.4 loaded (major 244)[0m
[0;90m2026-09-07T04:58:54[0m [32m<6>[    0.481962] io scheduler mq-deadline registered[0m
[0;90m2026-09-07T04:58:54[0m [32m<6>[    0.482484] io scheduler kyber registered[0m
[0;90m2026-09-07T04:58:54[0m [32m<6>[    0.483173] io scheduler bfq registered[0m
[0;90m2026-09-07T04:58:54[0m [32m<6>[    0.504652] riscv-plic: plic@c000000: mapped 95 interrupts with 2 handlers for 4 contexts.[0m
[0;90m2026-09-07T04:58:54[0m [32m<6>[    0.510239] pci-host-generic 30000000.pci: host bridge /soc/pci@30000000 ranges:[0m
[0;90m2026-09-07T04:58:54[0m [32m<6>[    0.511760] pci-host-generic 30000000.pci:       IO 0x0003000000..0x000300ffff -> 0x0000000000[0m
[0;90m2026-09-07T04:58:54[0m [32m<6>[    0.514732] pci-host-generic 30000000.pci:      MEM 0x0040000000..0x007fffffff -> 0x0040000000[0m
[0;90m2026-09-07T04:58:54[0m [32m<6>[    0.515687] pci-host-generic 30000000.pci:      MEM 0x0400000000..0x07ffffffff -> 0x0400000000[0m
[0;90m2026-09-07T04:58:54[0m [32m<4>[    0.518883] pci-host-generic 30000000.pci: Memory resource size exceeds max for 32 bits[0m
[0;90m2026-09-07T04:58:54[0m [32m<6>[    0.520513] pci-host-generic 30000000.pci: ECAM at [mem 0x30000000-0x3fffffff] for [bus 00-ff][0m
[0;90m2026-09-07T04:58:54[0m [32m<6>[    0.523574] pci-host-generic 30000000.pci: PCI host bridge to bus 0000:00[0m
[0;90m2026-09-07T04:58:54[0m [32m<6>[    0.524201] pci_bus 0000:00: root bus resource [bus 00-ff][0m
[0;90m2026-09-07T04:58:54[0m [32m<6>[    0.525463] pci_bus 0000:00: root bus resource [io  0x0000-0xffff][0m
[0;90m2026-09-07T04:58:54[0m [32m<6>[    0.526363] pci_bus 0000:00: root bus resource [mem 0x40000000-0x7fffffff][0m
[0;90m2026-09-07T04:58:54[0m [32m<6>[    0.527296] pci_bus 0000:00: root bus resource [mem 0x400000000-0x7ffffffff][0m
[0;90m2026-09-07T04:58:54[0m [32m<6>[    0.530206] pci 0000:00:00.0: [1b36:0008] type 00 class 0x060000 conventional PCI endpoint[0m
[0;90m2026-09-07T04:58:54[0m [32m<6>[    0.535816] pci 0000:00:01.0: [1af4:1001] type 00 class 0x010000 conventional PCI endpoint[0m
[0;90m2026-09-07T04:58:54[0m [32m<6>[    0.538635] pci 0000:00:01.0: BAR 0 [io  0x0000-0x007f][0m
[0;90m2026-09-07T04:58:54[0m [32m<6>[    0.539480] pci 0000:00:01.0: BAR 1 [mem 0x00000000-0x00000fff][0m
[0;90m2026-09-07T04:58:54[0m [32m<6>[    0.540515] pci 0000:00:01.0: BAR 4 [mem 0x00000000-0x00003fff 64bit pref][0m
[0;90m2026-09-07T04:58:54[0m [32m<6>[    0.543784] pci 0000:00:01.0: BAR 4 [mem 0x400000000-0x400003fff 64bit pref]: assigned[0m
[0;90m2026-09-07T04:58:54[0m [32m<6>[    0.545383] pci 0000:00:01.0: BAR 1 [mem 0x40000000-0x40000fff]: assigned[0m
[0;90m2026-09-07T04:58:54[0m [32m<6>[    0.546520] pci 0000:00:01.0: BAR 0 [io  0x0080-0x00ff]: assigned[0m
[0;90m2026-09-07T04:58:54[0m [32m<6>[    0.547540] pci_bus 0000:00: resource 4 [io  0x0000-0xffff][0m
[0;90m2026-09-07T04:58:54[0m [32m<6>[    0.548573] pci_bus 0000:00: resource 5 [mem 0x40000000-0x7fffffff][0m
[0;90m2026-09-07T04:58:54[0m [32m<6>[    0.549381] pci_bus 0000:00: resource 6 [mem 0x400000000-0x7ffffffff][0m
[0;90m2026-09-07T04:58:54[0m [32m<6>[    0.560932] virtio-pci 0000:00:01.0: enabling device (0000 -> 0003)[0m
[0;90m2026-09-07T04:58:54[0m [32m<6>[    0.631750] Serial: 8250/16550 driver, 4 ports, IRQ sharing disabled[0m
[0;90m2026-09-07T04:58:54[0m [32m<6>[    0.646372] printk: legacy console [ttyS0] disabled[0m
[0;90m2026-09-07T04:58:54[0m [32m<6>[    0.650973] 10000000.serial: ttyS0 at MMIO 0x10000000 (irq = 13, base_baud = 230400) is a 16550A[0m
[0;90m2026-09-07T04:58:54[0m [32m<6>[    0.655118] printk: legacy console [ttyS0] enabled[0m
[0;90m2026-09-07T04:58:54[0m [32m<6>[    0.655118] printk: legacy console [ttyS0] enabled[0m
[0;90m2026-09-07T04:58:54[0m [32m<6>[    0.656994] printk: legacy bootconsole [ns16550a0] disabled[0m
[0;90m2026-09-07T04:58:54[0m [32m<6>[    0.656994] printk: legacy bootconsole [ns16550a0] disabled[0m
[0;90m2026-09-07T04:58:54[0m [32m<6>[    0.687243] loop: module loaded[0m
[0;90m2026-09-07T04:58:54[0m [32m<6>[    0.688645] virtio_blk virtio0: 2/0/0 default/read/poll queues[0m
[0;90m2026-09-07T04:58:54[0m [32m<5>[    0.694234] virtio_blk virtio0: [vda] 4194304 512-byte logical blocks (2.15 GB/2.00 GiB)[0m
[0;90m2026-09-07T04:58:54[0m [32m<6>[    0.714604] e1000e: Intel(R) PRO/1000 Network Driver[0m
[0;90m2026-09-07T04:58:54[0m [32m<6>[    0.715652] e1000e: Copyright(c) 1999 - 2015 Intel Corporation.[0m
[0;90m2026-09-07T04:58:54[0m [32m<6>[    0.720041] usbcore: registered new interface driver uas[0m
[0;90m2026-09-07T04:58:54[0m [32m<6>[    0.721411] usbcore: registered new interface driver usb-storage[0m
[0;90m2026-09-07T04:58:54[0m [32m<6>[    0.723361] mousedev: PS/2 mouse device common for all mice[0m
[0;90m2026-09-07T04:58:54[0m [32m<6>[    0.726945] goldfish_rtc 101000.rtc: registered as rtc0[0m
[0;90m2026-09-07T04:58:54[0m [32m<6>[    0.728658] goldfish_rtc 101000.rtc: setting system clock to 2026-09-07T04:58:54 UTC (1788757134)[0m
[0;90m2026-09-07T04:58:54[0m [32m<6>[    0.733663] sdhci: Secure Digital Host Controller Interface driver[0m
[0;90m2026-09-07T04:58:54[0m [32m<6>[    0.734637] sdhci: Copyright(c) Pierre Ossman[0m
[0;90m2026-09-07T04:58:54[0m [32m<6>[    0.735528] Synopsys Designware Multimedia Card Interface Driver[0m
[0;90m2026-09-07T04:58:54[0m [32m<6>[    0.736803] sdhci-pltfm: SDHCI platform and OF driver helper[0m
[0;90m2026-09-07T04:58:54[0m [32m<6>[    0.739649] usbcore: registered new interface driver usbhid[0m
[0;90m2026-09-07T04:58:54[0m [32m<6>[    0.741157] usbhid: USB HID core driver[0m
[0;90m2026-09-07T04:58:54[0m [32m<6>[    0.742582] riscv-pmu-sbi: SBI PMU extension is available[0m
[0;90m2026-09-07T04:58:55[0m [32m<6>[    0.743841] riscv-pmu-sbi: 16 firmware and 18 hardware counters[0m
[0;90m2026-09-07T04:58:55[0m [32m<6>[    0.745765] riscv-pmu-sbi: Perf sampling/filtering is not supported as sscof extension is not available[0m
[0;90m2026-09-07T04:58:55[0m [32m<6>[    0.753055] NET: Registered PF_INET6 protocol family[0m
[0;90m2026-09-07T04:58:55[0m [32m<6>[    0.764613] Segment Routing with IPv6[0m
[0;90m2026-09-07T04:58:55[0m [32m<6>[    0.765068] In-situ OAM (IOAM) with IPv6[0m
[0;90m2026-09-07T04:58:55[0m [32m<6>[    0.766024] sit: IPv6, IPv4 and MPLS over IPv4 tunneling driver[0m
[0;90m2026-09-07T04:58:55[0m [32m<6>[    0.770227] NET: Registered PF_PACKET protocol family[0m
[0;90m2026-09-07T04:58:55[0m [32m<6>[    0.771535] 9pnet: Installing 9P2000 support[0m
[0;90m2026-09-07T04:58:55[0m [32m<5>[    0.772402] Key type dns_resolver registered[0m
[0;90m2026-09-07T04:58:55[0m [32m<6>[    1.514712] clk: Disabling unused clocks[0m
[0;90m2026-09-07T04:58:55[0m [32m<6>[    1.515855] PM: genpd: Disabling unused power domains[0m
[0;90m2026-09-07T04:58:55[0m [32m<6>[    1.517024] ALSA device list:[0m
[0;90m2026-09-07T04:58:55[0m [32m<6>[    1.517213]   No soundcards found.[0m
[0;90m2026-09-07T04:58:55[0m [32m<4>[    1.524450] check access for rdinit=/init failed: -2, ignoring[0m
[0;90m2026-09-07T04:58:55[0m [32m<6>[    1.623058] EXT4-fs (vda): orphan cleanup on readonly fs[0m
[0;90m2026-09-07T04:58:55[0m [32m<6>[    1.624873] EXT4-fs (vda): mounted filesystem f660601b-30de-4a10-95e0-85c1aa871e41 ro with ordered data mode. Quota mode: disabled.[0m
[0;90m2026-09-07T04:58:55[0m [32m<6>[    1.627605] VFS: Mounted root (ext4 filesystem) readonly on device 254:0.[0m
[0;90m2026-09-07T04:58:55[0m [32m<6>[    1.631108] devtmpfs: mounted[0m
[0;90m2026-09-07T04:58:55[0m [32m<6>[    1.679024] Freeing unused kernel image (initmem) memory: 2420K[0m
[0;90m2026-09-07T04:58:55[0m [32m<6>[    1.680997] Run /sbin/init as init process[0m
[0;90m2026-09-07T04:58:55[0m [32m<7>[    1.681414]   with arguments:[0m
[0;90m2026-09-07T04:58:55[0m [32m<7>[    1.681715]     /sbin/init[0m
[0;90m2026-09-07T04:58:55[0m [32m<7>[    1.681923]     verbose[0m
[0;90m2026-09-07T04:58:55[0m [32m<7>[    1.682482]   with environment:[0m
[0;90m2026-09-07T04:58:55[0m [32m<7>[    1.682878]     HOME=/[0m
[0;90m2026-09-07T04:58:55[0m [32m<7>[    1.683255]     TERM=linux[0m
[0;90m2026-09-07T04:58:56[0m [32m<6>[    1.858512] EXT4-fs (vda): re-mounted f660601b-30de-4a10-95e0-85c1aa871e41 r/w.[0m
[0;90m2026-09-07T04:58:56[0m [32mSaving 256 bits of creditable seed for next boot[0m
[0;90m2026-09-07T04:58:56[0m [32mStarting syslogd: OK[0m
[0;90m2026-09-07T04:58:56[0m [32mStarting klogd: OK[0m
[0;90m2026-09-07T04:58:56[0m [32mRunning sysctl: OK[0m
[0;90m2026-09-07T04:58:56[0m [32mStarting network: OK[0m
[0;90m2026-09-07T04:58:56[0m [32mStarting crond: OK[0m
[0;90m2026-09-07T04:58:56[0m [32m[0m
[0;90m2026-09-07T04:58:56[0m [32mWelcome to TuxTest[0m
[0;90m2026-09-07T04:58:56[0m [0;37mMatched prompt #13: login:[0m
[0;90m2026-09-07T04:58:56[0m [1;34m{'definition': 'lava', 'namespace': 'common', 'case': 'kernel-messages', 'level': '2.2.1', 'duration': '3.01', 'result': 'pass', 'extra': {'extra': []}}[0m
[0;90m2026-09-07T04:58:56[0m [0;37mSending username root[0m
[0;90m2026-09-07T04:58:56[0m [0;37mSending line: 'root'[0m
[0;90m2026-09-07T04:58:56[0m [0;35mroot[0m
[0;90m2026-09-07T04:58:56[0m [0;37mSetting prompt string to ['root@(.*):[/~]#', '/ #'][0m
[0;90m2026-09-07T04:58:56[0m [0;37mlogin-action: Wait for prompt ['root@(.*):[/~]#', '/ #', 'Login incorrect', 'Login timed out'] (timeout 00:14:57)[0m
[0;90m2026-09-07T04:58:56[0m [0;37mWaiting using forced prompt support (timeout 00:07:28)[0m
[0;90m2026-09-07T04:58:56[0m [32mtuxtest login: root[0m
[0;90m2026-09-07T04:58:56[0m [0;37mSetting prompt string to ['root@(.*):[/~]#', '/ #'][0m
[0;90m2026-09-07T04:58:56[0m [0;37mend: 2.2.1 login-action (duration 00:00:03) [common][0m
[0;90m2026-09-07T04:58:56[0m [1;34m{'definition': 'lava', 'namespace': 'common', 'case': 'login-action', 'level': '2.2.1', 'duration': '3.09', 'result': 'pass', 'extra': {'success': 'No kernel warnings or errors detected.'}}[0m
[0;90m2026-09-07T04:58:56[0m [0;37mend: 2.2 auto-login-action (duration 00:00:03) [common][0m
[0;90m2026-09-07T04:58:56[0m [1;37mend: 2 boot-image-retry (duration 00:00:03) [common][0m
[0;90m2026-09-07T04:58:56[0m [1;37mstart: 3 finalize (timeout 00:05:00) [common][0m
[0;90m2026-09-07T04:58:56[0m [0;37mstart: 3.1 power-off (timeout 00:00:30) [common][0m
[0;90m2026-09-07T04:58:56[0m [0;37mend: 3.1 power-off (duration 00:00:00) [common][0m
[0;90m2026-09-07T04:58:56[0m [0;37mstart: 3.2 read-feedback (timeout 00:05:00) [common][0m
[0;90m2026-09-07T04:58:57[0m [1;37mFinalising connection for namespace 'common'[0m
[0;90m2026-09-07T04:58:57[0m [0;37mSending line: 'poweroff'[0m
[0;90m2026-09-07T04:58:57[0m [0;35mpoweroff[0m
[0;90m2026-09-07T04:58:57[0m [0;37mAlready disconnected[0m
[0;90m2026-09-07T04:58:57[0m [32mroot@tuxtest:~# poweroff[0m
[0;90m2026-09-07T04:58:58[0m [0;37mend: 3.2 read-feedback (duration 00:00:01) [common][0m
[0;90m2026-09-07T04:58:58[0m [0;37mAlready disconnected[0m
[0;90m2026-09-07T04:58:58[0m [1;37mend: 3 finalize (duration 00:00:01) [common][0m
[0;90m2026-09-07T04:58:58[0m [1;37mCleaning after the job[0m
[0;90m2026-09-07T04:58:58[0m [0;37mCleaning up downloaded image: /var/lib/lava/dispatcher/tmp/tuxrun-ajt__xyn-1/deployimages-lv7e7sz6/kernel/Image[0m
[0;90m2026-09-07T04:58:58[0m [0;37mCleaning up downloaded image: /var/lib/lava/dispatcher/tmp/tuxrun-ajt__xyn-1/deployimages-lv7e7sz6/rootfs/rootfs.ext4[0m
[0;90m2026-09-07T04:58:58[0m [1;37mRemoving root tmp directory at /var/lib/lava/dispatcher/tmp/tuxrun-ajt__xyn-1[0m
[0;90m2026-09-07T04:58:58[0m [1;37mJob finished correctly[0m
[0;90m2026-09-07T04:58:58[0m [1;34m{'definition': 'lava', 'case': 'job', 'result': 'pass'}[0m
